[06:26:56] [main/INFO] ========================================
[06:26:56] [main/INFO] Minecraft: 1.20.1
[06:26:56] [main/INFO] Side: server
[06:26:56] [main/INFO] Development: false
[06:26:56] [main/INFO] Version: 12.1.785
[06:26:56] [main/INFO] Loader:
[06:26:56] [main/INFO] - Fabric: 0.16.14
[06:26:56] [main/INFO] - Fabric API: 0.92.3+1.20.1
[06:26:56] [main/INFO] Dependencies:
[06:26:56] [main/INFO] - Cloth Config: 11.1.136
[06:26:56] [main/INFO] - Architectury: 9.2.14
[06:26:56] [main/INFO] Mixin: 0.8.7
[06:26:56] [main/INFO] OS: Linux 6.8.0-1030-azure (amd64)
[06:26:56] [main/INFO] Java: 17.0.17 (Ubuntu)
[06:26:56] [main/INFO] ========================================
[06:26:56] [main/INFO] Mods:
[06:26:56] [main/INFO] - additionalstructures: 4.2.2
[06:26:56] [main/INFO] - another_furniture: 1.20.1-3.0.4
[06:26:56] [main/INFO] - architectury: 9.2.14
[06:26:56] [main/INFO] - armoroftheages: 1.3.12
[06:26:56] [main/INFO] - artifacts: 9.5.15
[06:26:56] [main/INFO] - athena: 3.1.2
[06:26:56] [main/INFO] - balm: 7.3.37
[06:26:56] [main/INFO] - barteringstation: 8.0.0
[06:26:56] [main/INFO] - betterdeserttemples: 1.20-Fabric-3.0.3
[06:26:56] [main/INFO] - betterendisland: 1.20-Fabric-2.0.6
[06:26:56] [main/INFO] - betteroceanmonuments: 1.20-Fabric-3.0.4
[06:26:56] [main/INFO] - bettertridents: 8.0.1
[06:26:56] [main/INFO] - blue_endless_jankson: 1.2.3
[06:26:56] [main/INFO] - c2me: 0.2.0+alpha.11.16
[06:26:56] [main/INFO] - c2me-base: 0.2.0+alpha.11.16
[06:26:56] [main/INFO] - c2me-fixes-chunkio-threading-issues: 0.2.0+alpha.11.16
[06:26:56] [main/INFO] - c2me-fixes-general-threading-issues: 0.2.0+alpha.11.16
[06:26:56] [main/INFO] - c2me-fixes-worldgen-threading-issues: 0.2.0+alpha.11.16
[06:26:56] [main/INFO] - c2me-fixes-worldgen-vanilla-bugs: 0.2.0+alpha.11.16
[06:26:56] [main/INFO] - c2me-notickvd: 0.2.0+alpha.11.16
[06:26:56] [main/INFO] - c2me-opts-allocs: 0.2.0+alpha.11.16
[06:26:56] [main/INFO] - c2me-opts-chunk-access: 0.2.0+alpha.11.16
[06:26:56] [main/INFO] - c2me-opts-chunkio: 0.2.0+alpha.11.16
[06:26:56] [main/INFO] - c2me-opts-math: 0.2.0+alpha.11.16
[06:26:56] [main/INFO] - c2me-opts-scheduling: 0.2.0+alpha.11.16
[06:26:56] [main/INFO] - c2me-opts-worldgen-general: 0.2.0+alpha.11.16
[06:26:56] [main/INFO] - c2me-opts-worldgen-vanilla: 0.2.0+alpha.11.16
[06:26:56] [main/INFO] - c2me-rewrites-chunk-serializer: 0.2.0+alpha.11.16
[06:26:56] [main/INFO] - c2me-rewrites-chunkio: 0.2.0+alpha.11.16
[06:26:56] [main/INFO] - c2me-server-utils: 0.2.0+alpha.11.16
[06:26:56] [main/INFO] - c2me-threading-chunkio: 0.2.0+alpha.11.16
[06:26:56] [main/INFO] - c2me-threading-lighting: 0.2.0+alpha.11.16
[06:26:56] [main/INFO] - c2me-threading-worldgen: 0.2.0+alpha.11.16
[06:26:56] [main/INFO] - cardinal-components: 5.2.3
[06:26:56] [main/INFO] - cardinal-components-base: 5.2.3
[06:26:56] [main/INFO] - cardinal-components-block: 5.2.3
[06:26:56] [main/INFO] - cardinal-components-chunk: 5.2.3
[06:26:56] [main/INFO] - cardinal-components-entity: 5.2.3
[06:26:56] [main/INFO] - cardinal-components-item: 5.2.3
[06:26:56] [main/INFO] - cardinal-components-level: 5.2.3
[06:26:56] [main/INFO] - cardinal-components-scoreboard: 5.2.3
[06:26:56] [main/INFO] - cardinal-components-world: 5.2.3
[06:26:56] [main/INFO] - carryon: 2.1.2.7
[06:26:56] [main/INFO] - charmofundying: 6.5.0+1.20.1
[06:26:56] [main/INFO] - chipped: 3.0.7
[06:26:56] [main/INFO] - cloth-basic-math: 0.6.1
[06:26:56] [main/INFO] - cloth-config: 11.1.136
[06:26:56] [main/INFO] - cloth-config: 11.1.136
[06:26:56] [main/INFO] - clumps: 12.0.0.4
[06:26:56] [main/INFO] - collective: 8.13
[06:26:56] [main/INFO] - com_electronwill_night-config_core: 3.6.6
[06:26:56] [main/INFO] - com_electronwill_night-config_toml: 3.6.6
[06:26:56] [main/INFO] - com_eliotlash_mclib_mclib: 20
[06:26:56] [main/INFO] - com_ibm_async_asyncutil: 0.1.0
[06:26:56] [main/INFO] - com_teamresourceful_bytecodecs: 1.0.2
[06:26:56] [main/INFO] - com_teamresourceful_yabn: 1.0.3
[06:26:56] [main/INFO] - com_twelvemonkeys_common_common-image: 3.12.0
[06:26:56] [main/INFO] - com_twelvemonkeys_common_common-io: 3.12.0
[06:26:56] [main/INFO] - com_twelvemonkeys_common_common-lang: 3.12.0
[06:26:56] [main/INFO] - com_twelvemonkeys_imageio_imageio-core: 3.12.0
[06:26:56] [main/INFO] - com_twelvemonkeys_imageio_imageio-metadata: 3.12.0
[06:26:56] [main/INFO] - com_twelvemonkeys_imageio_imageio-webp: 3.12.0
[06:26:56] [main/INFO] - com_velocitypowered_velocity-native: 3.2.0-SNAPSHOT
[06:26:56] [main/INFO] - comforts: 6.4.0+1.20.1
[06:26:56] [main/INFO] - conditional-mixin: 0.3.2
[06:26:56] [main/INFO] - configureddefaults: 8.0.4
[06:26:56] [main/INFO] - creeperoverhaul: 3.0.2
[06:26:56] [main/INFO] - cristellib: 1.1.5
[06:26:56] [main/INFO] - customportalapi: 0.0.1-beta64-1.20
[06:26:56] [main/INFO] - dawnoftimebuilder: 1.5.42
[06:26:56] [main/INFO] - deeperdarker: 1.3.3-plus-b.rc2
[06:26:56] [main/INFO] - dungeons_arise_seven_seas: 1.0.2
[06:26:56] [main/INFO] - dynamiclights: 1.9.1+mod
[06:26:56] [main/INFO] - easyanvils: 8.0.2
[06:26:56] [main/INFO] - easymagic: 8.0.1
[06:26:56] [main/INFO] - elytraslot: 6.4.4+1.20.1
[06:26:56] [main/INFO] - endermanoverhaul: 1.0.4
[06:26:56] [main/INFO] - error_notifier: 1.0.9
[06:26:56] [main/INFO] - expandability: 9.0.4
[06:26:56] [main/INFO] - explorify: 1.6.4
[06:26:56] [main/INFO] - extensibleenums: 7.0.1
[06:26:56] [main/INFO] - fabric-api: 0.92.3+1.20.1
[06:26:56] [main/INFO] - fabric-api: 0.92.3+1.20.1
[06:26:56] [main/INFO] - fabric-api-base: 0.4.31+1802ada577
[06:26:56] [main/INFO] - fabric-api-lookup-api-v1: 1.6.36+1802ada577
[06:26:56] [main/INFO] - fabric-biome-api-v1: 13.0.13+1802ada577
[06:26:56] [main/INFO] - fabric-block-api-v1: 1.0.11+1802ada577
[06:26:56] [main/INFO] - fabric-block-view-api-v2: 1.0.1+1802ada577
[06:26:56] [main/INFO] - fabric-command-api-v1: 1.2.34+f71b366f77
[06:26:56] [main/INFO] - fabric-command-api-v2: 2.2.13+1802ada577
[06:26:56] [main/INFO] - fabric-commands-v0: 0.2.51+df3654b377
[06:26:56] [main/INFO] - fabric-containers-v0: 0.1.65+df3654b377
[06:26:56] [main/INFO] - fabric-content-registries-v0: 4.0.12+1802ada577
[06:26:56] [main/INFO] - fabric-convention-tags-v1: 1.5.5+1802ada577
[06:26:56] [main/INFO] - fabric-crash-report-info-v1: 0.2.19+1802ada577
[06:26:56] [main/INFO] - fabric-data-attachment-api-v1: 1.0.1+de0fd6d177
[06:26:56] [main/INFO] - fabric-data-generation-api-v1: 12.3.5+1802ada577
[06:26:56] [main/INFO] - fabric-dimensions-v1: 2.1.54+1802ada577
[06:26:56] [main/INFO] - fabric-entity-events-v1: 1.6.0+1c78457f77
[06:26:56] [main/INFO] - fabric-events-interaction-v0: 0.6.3+13a40c6677
[06:26:56] [main/INFO] - fabric-events-lifecycle-v0: 0.2.63+df3654b377
[06:26:56] [main/INFO] - fabric-game-rule-api-v1: 1.0.40+1802ada577
[06:26:56] [main/INFO] - fabric-item-api-v1: 2.1.28+1802ada577
[06:26:56] [main/INFO] - fabric-item-group-api-v1: 4.0.13+1802ada577
[06:26:56] [main/INFO] - fabric-language-kotlin: 1.12.2+kotlin.2.0.20
[06:26:56] [main/INFO] - fabric-lifecycle-events-v1: 2.2.22+1802ada577
[06:26:56] [main/INFO] - fabric-loot-api-v2: 1.2.2+1802ada577
[06:26:56] [main/INFO] - fabric-loot-tables-v1: 1.1.46+9e7660c677
[06:26:56] [main/INFO] - fabric-message-api-v1: 5.1.9+1802ada577
[06:26:56] [main/INFO] - fabric-mining-level-api-v1: 2.1.51+1802ada577
[06:26:56] [main/INFO] - fabric-networking-api-v1: 1.3.12+13a40c6677
[06:26:56] [main/INFO] - fabric-networking-v0: 0.3.52+df3654b377
[06:26:56] [main/INFO] - fabric-object-builder-api-v1: 11.1.4+1802ada577
[06:26:56] [main/INFO] - fabric-particles-v1: 1.1.2+1802ada577
[06:26:56] [main/INFO] - fabric-recipe-api-v1: 1.0.22+1802ada577
[06:26:56] [main/INFO] - fabric-registry-sync-v0: 2.3.4+1802ada577
[06:26:56] [main/INFO] - fabric-rendering-data-attachment-v1: 0.3.37+92a0d36777
[06:26:56] [main/INFO] - fabric-rendering-fluids-v1: 3.0.28+1802ada577
[06:26:56] [main/INFO] - fabric-resource-conditions-api-v1: 2.3.8+1802ada577
[06:26:56] [main/INFO] - fabric-resource-loader-v0: 0.11.11+fb82e9d777
[06:26:56] [main/INFO] - fabric-screen-handler-api-v1: 1.3.31+1802ada577
[06:26:56] [main/INFO] - fabric-transfer-api-v1: 3.3.5+8dd72ea377
[06:26:56] [main/INFO] - fabric-transitive-access-wideners-v1: 4.3.1+1802ada577
[06:26:56] [main/INFO] - fabricloader: 0.16.14
[06:26:56] [main/INFO] - fantasy_armor: 1.1.1-1.20.1
[06:26:56] [main/INFO] - fantasy_weapons: 0.3.1-1.20.1
[06:26:56] [main/INFO] - fastload: 3.4.0
[06:26:56] [main/INFO] - fastload-119-0-1-2-compat: 3.4.0
[06:26:56] [main/INFO] - fastload-1193-compat: 3.4.0
[06:26:56] [main/INFO] - fastload-1194-compat: 3.4.0
[06:26:56] [main/INFO] - fastload_fapi_forward: 1.0.2
[06:26:56] [main/INFO] - ferritecore: 6.0.1
[06:26:56] [main/INFO] - forgeconfigapiport: 8.0.3
[06:26:56] [main/INFO] - formations: 1.0.4
[06:26:56] [main/INFO] - formationsoverworld: 1.0.5
[06:26:56] [main/INFO] - framework: 0.7.15
[06:26:56] [main/INFO] - geckolib: 4.8.2
[06:26:56] [main/INFO] - goblintraders: 1.11.5
[06:26:56] [main/INFO] - graveyard: 3.0
[06:26:56] [main/INFO] - hangglider: 8.0.1
[06:26:56] [main/INFO] - hopobettermineshaft: 1.2.2
[06:26:56] [main/INFO] - hopobetterruinedportal: 1.3.7
[06:26:56] [main/INFO] - illagerinvasion: 8.0.7
[06:26:56] [main/INFO] - immersive_melodies: 0.6.0+1.20.1
[06:26:56] [main/INFO] - imst: 2.1.0
[06:26:56] [main/INFO] - inventorymanagement: 1.3.1
[06:26:56] [main/INFO] - jade: 11.13.1+fabric
[06:26:56] [main/INFO] - java: 17
[06:26:56] [main/INFO] - krypton: 0.2.3
[06:26:56] [main/INFO] - kuma_api: 20.1.12
[06:26:56] [main/INFO] - lithium: 0.11.3
[06:26:56] [main/INFO] - mcdw: 9.0.4
[06:26:56] [main/INFO] - mcwdoors: 1.1.2
[06:26:56] [main/INFO] - mcwfurnitures: 3.4.1
[06:26:56] [main/INFO] - mcwlights: 1.1.5
[06:26:56] [main/INFO] - mcwroofs: 2.3.2
[06:26:56] [main/INFO] - mcwstairs: 1.0.2
[06:26:56] [main/INFO] - mcwtrpdoors: 1.1.5
[06:26:56] [main/INFO] - mcwwindows: 2.4.2
[06:26:56] [main/INFO] - memoryleakfix: 1.1.5
[06:26:56] [main/INFO] - midnightlib: 1.4.1
[06:26:56] [main/INFO] - minecraft: 1.20.1
[06:26:56] [main/INFO] - mixinextras: 0.4.1
[06:26:56] [main/INFO] - mixinsquared: 0.1.2-beta.6
[06:26:56] [main/INFO] - mobcaptains: 3.1.1
[06:26:56] [main/INFO] - modernfix: 5.20.0+mc1.20.1
[06:26:56] [main/INFO] - moogs_structures: 1.1.0-1.20-1.20.4
[06:26:56] [main/INFO] - morebows: 1.0.11+1.20.x
[06:26:56] [main/INFO] - moretotems: 2.16.0
[06:26:56] [main/INFO] - mr_camps_castles_carriages: 2.3.4
[06:26:56] [main/INFO] - mr_dungeons_andtaverns: 3.0.3.f
[06:26:56] [main/INFO] - mr_dungeons_andtavernsstrongholdrework: 1
[06:26:56] [main/INFO] - mr_qraftyfied: 6
[06:26:56] [main/INFO] - mr_qraftys_endvillages: 1
[06:26:56] [main/INFO] - mr_tidal_towns: 1.3.4
[06:26:56] [main/INFO] - mss: 2.0.0
[06:26:56] [main/INFO] - net_objecthunter_exp4j: 0.4.8
[06:26:56] [main/INFO] - org_javassist_javassist: 3.29.2-GA
[06:26:56] [main/INFO] - org_jetbrains_kotlin_kotlin-reflect: 2.0.20
[06:26:56] [main/INFO] - org_jetbrains_kotlin_kotlin-stdlib: 2.0.20
[06:26:56] [main/INFO] - org_jetbrains_kotlin_kotlin-stdlib-jdk7: 2.0.20
[06:26:56] [main/INFO] - org_jetbrains_kotlin_kotlin-stdlib-jdk8: 2.0.20
[06:26:56] [main/INFO] - org_jetbrains_kotlinx_atomicfu-jvm: 0.25.0
[06:26:56] [main/INFO] - org_jetbrains_kotlinx_kotlinx-coroutines-core-jvm: 1.9.0
[06:26:56] [main/INFO] - org_jetbrains_kotlinx_kotlinx-coroutines-jdk8: 1.9.0
[06:26:56] [main/INFO] - org_jetbrains_kotlinx_kotlinx-datetime-jvm: 0.6.1
[06:26:56] [main/INFO] - org_jetbrains_kotlinx_kotlinx-io-bytestring-jvm: 0.5.4
[06:26:56] [main/INFO] - org_jetbrains_kotlinx_kotlinx-io-core-jvm: 0.5.4
[06:26:56] [main/INFO] - org_jetbrains_kotlinx_kotlinx-serialization-cbor-jvm: 1.7.2
[06:26:56] [main/INFO] - org_jetbrains_kotlinx_kotlinx-serialization-core-jvm: 1.7.2
[06:26:56] [main/INFO] - org_jetbrains_kotlinx_kotlinx-serialization-json-jvm: 1.7.2
[06:26:56] [main/INFO] - org_mineskin_java-client: 3.0.6-SNAPSHOT
[06:26:56] [main/INFO] - org_quiltmc_parsers_gson: 0.2.1
[06:26:56] [main/INFO] - org_quiltmc_parsers_json: 0.2.1
[06:26:56] [main/INFO] - org_reflections_reflections: 0.10.2
[06:26:56] [main/INFO] - org_threadly_threadly: 7.0
[06:26:56] [main/INFO] - owo: 0.11.2+1.20
[06:26:56] [main/INFO] - philipsruins: 5.7
[06:26:56] [main/INFO] - plushie_buddies: 0.1.7-1.20.1
[06:26:56] [main/INFO] - plushies: 1.4.0
[06:26:56] [main/INFO] - puzzlesaccessapi: 20.1.1
[06:26:56] [main/INFO] - puzzleslib: 8.1.33
[06:26:56] [main/INFO] - quartzelv: 2.2.7+1.20.4
[06:26:56] [main/INFO] - reach-entity-attributes: 2.4.0
[06:26:56] [main/INFO] - repurposed_structures: 7.1.19+1.20.1-fabric
[06:26:56] [main/INFO] - resourcefulconfig: 2.1.3
[06:26:56] [main/INFO] - resourcefullib: 2.1.29
[06:26:56] [main/INFO] - roughlyenoughitems: 12.1.785
[06:26:56] [main/INFO] - simplyswords: 1.56.0-1.20.1
[06:26:56] [main/INFO] - skinrestorer: 2.4.3+1.20-fabric
[06:26:56] [main/INFO] - spawnermod: 1.2.4
[06:26:56] [main/INFO] - spectrelib: 0.13.15+1.20.1
[06:26:56] [main/INFO] - step-height-entity-attribute: 1.2.0
[06:26:56] [main/INFO] - stoneworks: 8.0.0
[06:26:56] [main/INFO] - structory: 1.3.5
[06:26:56] [main/INFO] - structory_towers: 1.0.7
[06:26:56] [main/INFO] - t_and_t: 1.12
[06:26:56] [main/INFO] - thaumon: 2.3.0+1.20.1
[06:26:56] [main/INFO] - totw_modded: fabric-1.20.1-1.0.6
[06:26:56] [main/INFO] - travelersbackpack: 9.1.43
[06:26:56] [main/INFO] - treeharvester: 9.1
[06:26:56] [main/INFO] - trinkets: 3.7.2
[06:26:56] [main/INFO] - u_desert: 1.6.3
[06:26:56] [main/INFO] - villagersplus: 3.1
[06:26:56] [main/INFO] - visualworkbench: 8.0.1
[06:26:56] [main/INFO] - waystones: 14.1.17
[06:26:56] [main/INFO] - xaerominimap: 25.2.10
[06:26:56] [main/INFO] - xaeroworldmap: 1.39.12
[06:26:56] [main/INFO] - yet_another_config_lib_v3: 3.6.6+1.20.1-fabric
[06:26:56] [main/INFO] - yungsapi: 1.20-Fabric-4.0.6
[06:26:56] [main/INFO] - yungsextras: 1.20-Fabric-4.0.3
[06:26:56] [main/INFO] ========================================
[06:26:56] [main/INFO] [REI] Registered plugin provider DefaultPlugin [roughlyenoughitems] for REIPlugin
[06:26:56] [main/INFO] [REI] Registered plugin provider DefaultRuntimePlugin [roughlyenoughitems] for REIPlugin
[06:26:56] [main/INFO] [REI] Registered plugin provider DefaultPlugin [roughlyenoughitems] for REIServerPlugin
[06:26:56] [main/INFO] [REI] Registered plugin provider DefaultRuntimePlugin [roughlyenoughitems] for REIServerPlugin
[06:26:56] [main/INFO] [REI] Registered plugin provider FabricFluidAPISupportPlugin for REIServerPlugin
[06:26:56] [main/INFO] [REI] Registered plugin provider FabricFluidAPISupportPlugin for REIPlugin
[06:27:01] [Worker-Main-1/DEBUG] [REI] Processed 3 tags in 548.0 μs for minecraft:point_of_interest_type
[06:27:01] [Worker-Main-2/DEBUG] [REI] Processed 1 tags in 18.44 μs for minecraft:mob_effect
[06:27:01] [Worker-Main-3/DEBUG] [REI] Processed 2 tags in 19.35 μs for minecraft:cat_variant
[06:27:01] [Worker-Main-2/DEBUG] [REI] Processed 38 tags in 287.6 μs for minecraft:entity_type
[06:27:01] [Worker-Main-3/DEBUG] [REI] Processed 2 tags in 39.53 μs for minecraft:painting_variant
[06:27:01] [Worker-Main-2/DEBUG] [REI] Processed 7 tags in 110.6 μs for minecraft:game_event
[06:27:01] [Worker-Main-3/DEBUG] [REI] Processed 0 tags in 5.631 μs for minecraft:worldgen/world_preset
[06:27:01] [Worker-Main-3/DEBUG] [REI] Processed 4 tags in 35.73 μs for minecraft:fluid
[06:27:01] [Worker-Main-3/DEBUG] [REI] Processed 0 tags in 11.54 μs for minecraft:worldgen/flat_level_generator_preset
[06:27:01] [Worker-Main-2/DEBUG] [REI] Processed 0 tags in 32.33 μs for minecraft:worldgen/structure
[06:27:01] [Worker-Main-2/DEBUG] [REI] Processed 0 tags in 248.6 μs for minecraft:worldgen/biome
[06:27:01] [Worker-Main-2/DEBUG] [REI] Processed 6 tags in 33.23 μs for minecraft:enchantment
[06:27:01] [Worker-Main-1/DEBUG] [REI] Processed 630 tags in 28.16 ms for minecraft:item
[06:27:01] [Worker-Main-1/DEBUG] [REI] Processed 0 tags in 10.71 μs for minecraft:damage_type
[06:27:01] [Worker-Main-2/DEBUG] [REI] Processed 7 tags in 115.9 μs for minecraft:banner_pattern
[06:27:01] [Worker-Main-1/DEBUG] [REI] Processed 4 tags in 13.15 μs for minecraft:instrument
[06:27:01] [Worker-Main-2/DEBUG] [REI] Processed 0 tags in 7.024 μs for minecraft:worldgen/structure_set
[06:27:02] [Worker-Main-3/DEBUG] [REI] Processed 671 tags in 23.28 ms for minecraft:block
[06:27:07] [main/DEBUG] [REI] Starting Reload Plugins of stage null
java.lang.Throwable
	at knot//me.shedaniel.rei.impl.common.plugins.ReloadManagerImpl.reloadPlugins(ReloadManagerImpl.java:110)
	at knot//me.shedaniel.rei.RoughlyEnoughItemsCore.lambda$onInitialize$5(RoughlyEnoughItemsCore.java:163)
	at java.base/java.util.concurrent.CompletableFuture$UniRun.tryFire(CompletableFuture.java:787)
	at java.base/java.util.concurrent.CompletableFuture$Completion.run(CompletableFuture.java:482)
	at knot//net.minecraft.class_4014.method_18365(class_4014.java:69)
	at knot//net.minecraft.class_156.method_43498(class_156.java:950)
	at knot//net.minecraft.class_156.method_43499(class_156.java:938)
	at knot//net.minecraft.server.Main.main(Main.java:160)
	at net.fabricmc.loader.impl.game.minecraft.MinecraftGameProvider.launch(MinecraftGameProvider.java:480)
	at net.fabricmc.loader.impl.launch.knot.Knot.launch(Knot.java:74)
	at net.fabricmc.loader.impl.launch.knot.KnotServer.main(KnotServer.java:23)
	at net.fabricmc.loader.impl.launch.server.FabricServerLauncher.main(FabricServerLauncher.java:69)
	at net.fabricmc.installer.ServerLauncher.main(ServerLauncher.java:69)
[06:27:07] [main/DEBUG] [REI] ========================================
[06:27:07] [main/DEBUG] [REI] REIPlugin starting pre-reload for START.
[06:27:07] [main/DEBUG] [REI] Reloadables (7):
[06:27:07] [main/DEBUG] [REI]  - EntryTypeRegistryImpl
[06:27:07] [main/DEBUG] [REI]  - EntrySettingsAdapterRegistryImpl
[06:27:07] [main/DEBUG] [REI]  - RecipeManagerContextImpl
[06:27:07] [main/DEBUG] [REI]  - ItemComparatorRegistryImpl
[06:27:07] [main/DEBUG] [REI]  - FluidComparatorRegistryImpl
[06:27:07] [main/DEBUG] [REI]  - DisplaySerializerRegistryImpl
[06:27:07] [main/DEBUG] [REI]  - FluidSupportProviderImpl
[06:27:07] [main/DEBUG] [REI] Plugins (3):
[06:27:07] [main/DEBUG] [REI]  - (-100.00) DefaultPlugin of DefaultPlugin [roughlyenoughitems]
[06:27:07] [main/DEBUG] [REI]  - (0.00) FabricFluidAPISupportPlugin
[06:27:07] [main/DEBUG] [REI]  - (0.00) DefaultRuntimePlugin of DefaultRuntimePlugin [roughlyenoughitems]
[06:27:07] [main/DEBUG] [REI] ========================================
[06:27:07] [main/TRACE] [REI] [REIPlugin START] Reloading Section: "pre-register/"
[06:27:07] [main/TRACE] [REI] [REIPlugin START] Reloading Section: "pre-register/DefaultPlugin of DefaultPlugin [roughlyenoughitems]/"
[06:27:07] [main/TRACE] [REI] [REIPlugin START] Reloading Section: "pre-register/DefaultPlugin of DefaultPlugin [roughlyenoughitems]/" done in 1.060 ms
[06:27:07] [main/TRACE] [REI] [REIPlugin START] Reloading Section: "pre-register/FabricFluidAPISupportPlugin/"
[06:27:07] [main/TRACE] [REI] [REIPlugin START] Reloading Section: "pre-register/FabricFluidAPISupportPlugin/" done in 53.13 μs
[06:27:07] [main/TRACE] [REI] [REIPlugin START] Reloading Section: "pre-register/DefaultRuntimePlugin of DefaultRuntimePlugin [roughlyenoughitems]/"
[06:27:07] [main/TRACE] [REI] [REIPlugin START] Reloading Section: "pre-register/DefaultRuntimePlugin of DefaultRuntimePlugin [roughlyenoughitems]/" done in 43.72 μs
[06:27:07] [main/TRACE] [REI] [REIPlugin START] Reloading Section: "pre-register/" done in 11.08 ms
[06:27:07] [main/TRACE] [REI] [REIPlugin START] Reloading Section: "pre-stage/"
[06:27:07] [main/TRACE] [REI] [REIPlugin START] Reloading Section: "pre-stage/EntryTypeRegistryImpl/"
[06:27:07] [main/TRACE] [REI] [REIPlugin START] Reloading Section: "pre-stage/EntryTypeRegistryImpl/" done in 236.8 μs
[06:27:07] [main/TRACE] [REI] [REIPlugin START] Reloading Section: "pre-stage/EntrySettingsAdapterRegistryImpl/"
[06:27:07] [main/TRACE] [REI] [REIPlugin START] Reloading Section: "pre-stage/EntrySettingsAdapterRegistryImpl/" done in 52.44 μs
[06:27:07] [main/TRACE] [REI] [REIPlugin START] Reloading Section: "pre-stage/RecipeManagerContextImpl/"
[06:27:07] [main/TRACE] [REI] [REIPlugin START] Reloading Section: "pre-stage/RecipeManagerContextImpl/" done in 47.59 μs
[06:27:07] [main/TRACE] [REI] [REIPlugin START] Reloading Section: "pre-stage/ItemComparatorRegistryImpl/"
[06:27:07] [main/TRACE] [REI] [REIPlugin START] Reloading Section: "pre-stage/ItemComparatorRegistryImpl/" done in 42.61 μs
[06:27:07] [main/TRACE] [REI] [REIPlugin START] Reloading Section: "pre-stage/FluidComparatorRegistryImpl/"
[06:27:07] [main/TRACE] [REI] [REIPlugin START] Reloading Section: "pre-stage/FluidComparatorRegistryImpl/" done in 37.17 μs
[06:27:07] [main/TRACE] [REI] [REIPlugin START] Reloading Section: "pre-stage/DisplaySerializerRegistryImpl/"
[06:27:07] [main/TRACE] [REI] [REIPlugin START] Reloading Section: "pre-stage/DisplaySerializerRegistryImpl/" done in 39.31 μs
[06:27:07] [main/TRACE] [REI] [REIPlugin START] Reloading Section: "pre-stage/FluidSupportProviderImpl/"
[06:27:07] [main/TRACE] [REI] [REIPlugin START] Reloading Section: "pre-stage/FluidSupportProviderImpl/" done in 34.89 μs
[06:27:07] [main/TRACE] [REI] [REIPlugin START] Reloading Section: "pre-stage/" done in 1.217 ms
[06:27:07] [main/DEBUG] [REI] ========================================
[06:27:07] [main/DEBUG] [REI] REIPlugin finished pre-reload for START in 12.83 ms.
[06:27:07] [main/DEBUG] [REI] ========================================
[06:27:07] [main/DEBUG] [REI] ========================================
[06:27:07] [main/DEBUG] [REI] REIServerPlugin starting pre-reload for START.
[06:27:07] [main/DEBUG] [REI] Reloadables (2):
[06:27:07] [main/DEBUG] [REI]  - MenuInfoRegistryImpl
[06:27:07] [main/DEBUG] [REI]  - SlotAccessorRegistryImpl
[06:27:07] [main/DEBUG] [REI] Plugins (3):
[06:27:07] [main/DEBUG] [REI]  - (-100.00) DefaultPlugin of DefaultPlugin [roughlyenoughitems]
[06:27:07] [main/DEBUG] [REI]  - (0.00) FabricFluidAPISupportPlugin
[06:27:07] [main/DEBUG] [REI]  - (0.00) DefaultRuntimePlugin of DefaultRuntimePlugin [roughlyenoughitems]
[06:27:07] [main/DEBUG] [REI] ========================================
[06:27:07] [main/TRACE] [REI] [REIServerPlugin START] Reloading Section: "pre-register/"
[06:27:07] [main/TRACE] [REI] [REIServerPlugin START] Reloading Section: "pre-register/DefaultPlugin of DefaultPlugin [roughlyenoughitems]/"
[06:27:07] [main/TRACE] [REI] [REIServerPlugin START] Reloading Section: "pre-register/DefaultPlugin of DefaultPlugin [roughlyenoughitems]/" done in 43.25 μs
[06:27:07] [main/TRACE] [REI] [REIServerPlugin START] Reloading Section: "pre-register/FabricFluidAPISupportPlugin/"
[06:27:07] [main/TRACE] [REI] [REIServerPlugin START] Reloading Section: "pre-register/FabricFluidAPISupportPlugin/" done in 76.40 μs
[06:27:07] [main/TRACE] [REI] [REIServerPlugin START] Reloading Section: "pre-register/DefaultRuntimePlugin of DefaultRuntimePlugin [roughlyenoughitems]/"
[06:27:07] [main/TRACE] [REI] [REIServerPlugin START] Reloading Section: "pre-register/DefaultRuntimePlugin of DefaultRuntimePlugin [roughlyenoughitems]/" done in 54.93 μs
[06:27:07] [main/TRACE] [REI] [REIServerPlugin START] Reloading Section: "pre-register/" done in 500.9 μs
[06:27:07] [main/TRACE] [REI] [REIServerPlugin START] Reloading Section: "pre-stage/"
[06:27:07] [main/TRACE] [REI] [REIServerPlugin START] Reloading Section: "pre-stage/MenuInfoRegistryImpl/"
[06:27:07] [main/TRACE] [REI] [REIServerPlugin START] Reloading Section: "pre-stage/MenuInfoRegistryImpl/" done in 49.54 μs
[06:27:07] [main/TRACE] [REI] [REIServerPlugin START] Reloading Section: "pre-stage/SlotAccessorRegistryImpl/"
[06:27:07] [main/TRACE] [REI] [REIServerPlugin START] Reloading Section: "pre-stage/SlotAccessorRegistryImpl/" done in 49.50 μs
[06:27:07] [main/TRACE] [REI] [REIServerPlugin START] Reloading Section: "pre-stage/" done in 313.8 μs
[06:27:07] [main/DEBUG] [REI] ========================================
[06:27:07] [main/DEBUG] [REI] REIServerPlugin finished pre-reload for START in 975.7 μs.
[06:27:07] [main/DEBUG] [REI] ========================================
[06:27:07] [main/INFO] [REI] OOOOOOOOOOOOOOOOOOOOOOOOOOOOOOOOOOOOOOOO
[06:27:07] [main/INFO] [REI] REIPlugin starting main-reload for START.
[06:27:07] [main/DEBUG] [REI] Reloadables (7):
[06:27:07] [main/DEBUG] [REI]  - EntryTypeRegistryImpl
[06:27:07] [main/DEBUG] [REI]  - EntrySettingsAdapterRegistryImpl
[06:27:07] [main/DEBUG] [REI]  - RecipeManagerContextImpl
[06:27:07] [main/DEBUG] [REI]  - ItemComparatorRegistryImpl
[06:27:07] [main/DEBUG] [REI]  - FluidComparatorRegistryImpl
[06:27:07] [main/DEBUG] [REI]  - DisplaySerializerRegistryImpl
[06:27:07] [main/DEBUG] [REI]  - FluidSupportProviderImpl
[06:27:07] [main/INFO] [REI] Plugins (3):
[06:27:07] [main/INFO] [REI]  - (-100.00) DefaultPlugin of DefaultPlugin [roughlyenoughitems]
[06:27:07] [main/INFO] [REI]  - (0.00) FabricFluidAPISupportPlugin
[06:27:07] [main/INFO] [REI]  - (0.00) DefaultRuntimePlugin of DefaultRuntimePlugin [roughlyenoughitems]
[06:27:07] [main/INFO] [REI] OOOOOOOOOOOOOOOOOOOOOOOOOOOOOOOOOOOOOOOO
[06:27:07] [main/TRACE] [REI] [REIPlugin START] Reloading Section: "start-reload/"
[06:27:07] [main/TRACE] [REI] [REIPlugin START] Reloading Section: "start-reload/EntryTypeRegistryImpl/"
[06:27:07] [main/TRACE] [REI] [REIPlugin START] Reloading Section: "start-reload/EntryTypeRegistryImpl/" done in 84.91 μs
[06:27:07] [main/TRACE] [REI] [REIPlugin START] Reloading Section: "start-reload/EntrySettingsAdapterRegistryImpl/"
[06:27:07] [main/TRACE] [REI] [REIPlugin START] Reloading Section: "start-reload/EntrySettingsAdapterRegistryImpl/" done in 55.97 μs
[06:27:07] [main/TRACE] [REI] [REIPlugin START] Reloading Section: "start-reload/RecipeManagerContextImpl/"
[06:27:07] [main/TRACE] [REI] [REIPlugin START] Reloading Section: "start-reload/RecipeManagerContextImpl/" done in 48.69 μs
[06:27:07] [main/TRACE] [REI] [REIPlugin START] Reloading Section: "start-reload/ItemComparatorRegistryImpl/"
[06:27:07] [main/TRACE] [REI] [REIPlugin START] Reloading Section: "start-reload/ItemComparatorRegistryImpl/" done in 69.08 μs
[06:27:07] [main/TRACE] [REI] [REIPlugin START] Reloading Section: "start-reload/FluidComparatorRegistryImpl/"
[06:27:07] [main/TRACE] [REI] [REIPlugin START] Reloading Section: "start-reload/FluidComparatorRegistryImpl/" done in 52.42 μs
[06:27:07] [main/TRACE] [REI] [REIPlugin START] Reloading Section: "start-reload/DisplaySerializerRegistryImpl/"
[06:27:07] [main/TRACE] [REI] [REIPlugin START] Reloading Section: "start-reload/DisplaySerializerRegistryImpl/" done in 45.63 μs
[06:27:07] [main/TRACE] [REI] [REIPlugin START] Reloading Section: "start-reload/FluidSupportProviderImpl/"
[06:27:07] [main/TRACE] [REI] [REIPlugin START] Reloading Section: "start-reload/FluidSupportProviderImpl/" done in 58.77 μs
[06:27:07] [main/TRACE] [REI] [REIPlugin START] Reloading Section: "start-reload/" done in 1.105 ms
[06:27:07] [main/DEBUG] [REI] ========================================
[06:27:07] [main/DEBUG] [REI] REIPlugin started main-reload for START.
[06:27:07] [main/DEBUG] [REI] ========================================
[06:27:07] [main/TRACE] [REI] [REIPlugin START] Reloading Section: "reloadable-plugin/EntryTypeRegistryImpl/"
[06:27:07] [main/TRACE] [REI] [REIPlugin START] Reloading Section: "reloadable-plugin/EntryTypeRegistryImpl/DefaultPlugin of DefaultPlugin [roughlyenoughitems]/"
[06:27:07] [main/TRACE] [REI] [REIPlugin START] Reloading Section: "reloadable-plugin/EntryTypeRegistryImpl/DefaultPlugin of DefaultPlugin [roughlyenoughitems]/" done in 279.5 μs
[06:27:07] [main/TRACE] [REI] [REIPlugin START] Reloading Section: "reloadable-plugin/EntryTypeRegistryImpl/FabricFluidAPISupportPlugin/"
[06:27:07] [main/TRACE] [REI] [REIPlugin START] Reloading Section: "reloadable-plugin/EntryTypeRegistryImpl/FabricFluidAPISupportPlugin/" done in 65.29 μs
[06:27:07] [main/TRACE] [REI] [REIPlugin START] Reloading Section: "reloadable-plugin/EntryTypeRegistryImpl/DefaultRuntimePlugin of DefaultRuntimePlugin [roughlyenoughitems]/"
[06:27:07] [main/TRACE] [REI] [REIPlugin START] Reloading Section: "reloadable-plugin/EntryTypeRegistryImpl/DefaultRuntimePlugin of DefaultRuntimePlugin [roughlyenoughitems]/" done in 7.177 ms
[06:27:07] [main/TRACE] [REI] [REIPlugin START] Reloading Section: "reloadable-plugin/EntryTypeRegistryImpl/" done in 8.493 ms
[06:27:07] [main/TRACE] [REI] [REIPlugin START] Reloading Section: "reloadable-plugin/EntrySettingsAdapterRegistryImpl/"
[06:27:07] [main/TRACE] [REI] [REIPlugin START] Reloading Section: "reloadable-plugin/EntrySettingsAdapterRegistryImpl/DefaultPlugin of DefaultPlugin [roughlyenoughitems]/"
[06:27:07] [main/TRACE] [REI] [REIPlugin START] Reloading Section: "reloadable-plugin/EntrySettingsAdapterRegistryImpl/DefaultPlugin of DefaultPlugin [roughlyenoughitems]/" done in 55.03 μs
[06:27:07] [main/TRACE] [REI] [REIPlugin START] Reloading Section: "reloadable-plugin/EntrySettingsAdapterRegistryImpl/FabricFluidAPISupportPlugin/"
[06:27:07] [main/TRACE] [REI] [REIPlugin START] Reloading Section: "reloadable-plugin/EntrySettingsAdapterRegistryImpl/FabricFluidAPISupportPlugin/" done in 49.58 μs
[06:27:07] [main/TRACE] [REI] [REIPlugin START] Reloading Section: "reloadable-plugin/EntrySettingsAdapterRegistryImpl/DefaultRuntimePlugin of DefaultRuntimePlugin [roughlyenoughitems]/"
[06:27:07] [main/TRACE] [REI] [REIPlugin START] Reloading Section: "reloadable-plugin/EntrySettingsAdapterRegistryImpl/DefaultRuntimePlugin of DefaultRuntimePlugin [roughlyenoughitems]/" done in 56.48 μs
[06:27:07] [main/TRACE] [REI] [REIPlugin START] Reloading Section: "reloadable-plugin/EntrySettingsAdapterRegistryImpl/" done in 506.4 μs
[06:27:07] [main/TRACE] [REI] [REIPlugin START] Reloading Section: "reloadable-plugin/RecipeManagerContextImpl/"
[06:27:07] [main/TRACE] [REI] [REIPlugin START] Reloading Section: "reloadable-plugin/RecipeManagerContextImpl/DefaultPlugin of DefaultPlugin [roughlyenoughitems]/"
[06:27:07] [main/TRACE] [REI] [REIPlugin START] Reloading Section: "reloadable-plugin/RecipeManagerContextImpl/DefaultPlugin of DefaultPlugin [roughlyenoughitems]/" done in 36.37 μs
[06:27:07] [main/TRACE] [REI] [REIPlugin START] Reloading Section: "reloadable-plugin/RecipeManagerContextImpl/FabricFluidAPISupportPlugin/"
[06:27:07] [main/TRACE] [REI] [REIPlugin START] Reloading Section: "reloadable-plugin/RecipeManagerContextImpl/FabricFluidAPISupportPlugin/" done in 50.19 μs
[06:27:07] [main/TRACE] [REI] [REIPlugin START] Reloading Section: "reloadable-plugin/RecipeManagerContextImpl/DefaultRuntimePlugin of DefaultRuntimePlugin [roughlyenoughitems]/"
[06:27:07] [main/TRACE] [REI] [REIPlugin START] Reloading Section: "reloadable-plugin/RecipeManagerContextImpl/DefaultRuntimePlugin of DefaultRuntimePlugin [roughlyenoughitems]/" done in 51.78 μs
[06:27:07] [main/TRACE] [REI] [REIPlugin START] Reloading Section: "reloadable-plugin/RecipeManagerContextImpl/" done in 454.9 μs
[06:27:07] [main/TRACE] [REI] [REIPlugin START] Reloading Section: "reloadable-plugin/ItemComparatorRegistryImpl/"
[06:27:07] [main/TRACE] [REI] [REIPlugin START] Reloading Section: "reloadable-plugin/ItemComparatorRegistryImpl/DefaultPlugin of DefaultPlugin [roughlyenoughitems]/"
[06:27:07] [main/TRACE] [REI] [REIPlugin START] Reloading Section: "reloadable-plugin/ItemComparatorRegistryImpl/DefaultPlugin of DefaultPlugin [roughlyenoughitems]/" done in 913.3 μs
[06:27:07] [main/TRACE] [REI] [REIPlugin START] Reloading Section: "reloadable-plugin/ItemComparatorRegistryImpl/FabricFluidAPISupportPlugin/"
[06:27:07] [main/TRACE] [REI] [REIPlugin START] Reloading Section: "reloadable-plugin/ItemComparatorRegistryImpl/FabricFluidAPISupportPlugin/" done in 75.81 μs
[06:27:07] [main/TRACE] [REI] [REIPlugin START] Reloading Section: "reloadable-plugin/ItemComparatorRegistryImpl/DefaultRuntimePlugin of DefaultRuntimePlugin [roughlyenoughitems]/"
[06:27:07] [main/TRACE] [REI] [REIPlugin START] Reloading Section: "reloadable-plugin/ItemComparatorRegistryImpl/DefaultRuntimePlugin of DefaultRuntimePlugin [roughlyenoughitems]/" done in 38.43 μs
[06:27:07] [main/TRACE] [REI] [REIPlugin START] Reloading Section: "reloadable-plugin/ItemComparatorRegistryImpl/" done in 1.343 ms
[06:27:07] [main/TRACE] [REI] [REIPlugin START] Reloading Section: "reloadable-plugin/FluidComparatorRegistryImpl/"
[06:27:07] [main/TRACE] [REI] [REIPlugin START] Reloading Section: "reloadable-plugin/FluidComparatorRegistryImpl/DefaultPlugin of DefaultPlugin [roughlyenoughitems]/"
[06:27:07] [main/TRACE] [REI] [REIPlugin START] Reloading Section: "reloadable-plugin/FluidComparatorRegistryImpl/DefaultPlugin of DefaultPlugin [roughlyenoughitems]/" done in 52.74 μs
[06:27:07] [main/TRACE] [REI] [REIPlugin START] Reloading Section: "reloadable-plugin/FluidComparatorRegistryImpl/FabricFluidAPISupportPlugin/"
[06:27:07] [main/TRACE] [REI] [REIPlugin START] Reloading Section: "reloadable-plugin/FluidComparatorRegistryImpl/FabricFluidAPISupportPlugin/" done in 44.39 μs
[06:27:07] [main/TRACE] [REI] [REIPlugin START] Reloading Section: "reloadable-plugin/FluidComparatorRegistryImpl/DefaultRuntimePlugin of DefaultRuntimePlugin [roughlyenoughitems]/"
[06:27:07] [main/TRACE] [REI] [REIPlugin START] Reloading Section: "reloadable-plugin/FluidComparatorRegistryImpl/DefaultRuntimePlugin of DefaultRuntimePlugin [roughlyenoughitems]/" done in 40.85 μs
[06:27:07] [main/TRACE] [REI] [REIPlugin START] Reloading Section: "reloadable-plugin/FluidComparatorRegistryImpl/" done in 426.4 μs
[06:27:07] [main/TRACE] [REI] [REIPlugin START] Reloading Section: "reloadable-plugin/DisplaySerializerRegistryImpl/"
[06:27:07] [main/TRACE] [REI] [REIPlugin START] Reloading Section: "reloadable-plugin/DisplaySerializerRegistryImpl/DefaultPlugin of DefaultPlugin [roughlyenoughitems]/"
[06:27:07] [main/TRACE] [REI] [REIPlugin START] Reloading Section: "reloadable-plugin/DisplaySerializerRegistryImpl/DefaultPlugin of DefaultPlugin [roughlyenoughitems]/" done in 52.52 μs
[06:27:07] [main/TRACE] [REI] [REIPlugin START] Reloading Section: "reloadable-plugin/DisplaySerializerRegistryImpl/FabricFluidAPISupportPlugin/"
[06:27:07] [main/TRACE] [REI] [REIPlugin START] Reloading Section: "reloadable-plugin/DisplaySerializerRegistryImpl/FabricFluidAPISupportPlugin/" done in 46.17 μs
[06:27:07] [main/TRACE] [REI] [REIPlugin START] Reloading Section: "reloadable-plugin/DisplaySerializerRegistryImpl/DefaultRuntimePlugin of DefaultRuntimePlugin [roughlyenoughitems]/"
[06:27:07] [main/TRACE] [REI] [REIPlugin START] Reloading Section: "reloadable-plugin/DisplaySerializerRegistryImpl/DefaultRuntimePlugin of DefaultRuntimePlugin [roughlyenoughitems]/" done in 46.81 μs
[06:27:07] [main/TRACE] [REI] [REIPlugin START] Reloading Section: "reloadable-plugin/DisplaySerializerRegistryImpl/" done in 449.7 μs
[06:27:07] [main/TRACE] [REI] [REIPlugin START] Reloading Section: "reloadable-plugin/FluidSupportProviderImpl/"
[06:27:07] [main/TRACE] [REI] [REIPlugin START] Reloading Section: "reloadable-plugin/FluidSupportProviderImpl/DefaultPlugin of DefaultPlugin [roughlyenoughitems]/"
[06:27:07] [main/TRACE] [REI] [REIPlugin START] Reloading Section: "reloadable-plugin/FluidSupportProviderImpl/DefaultPlugin of DefaultPlugin [roughlyenoughitems]/" done in 318.5 μs
[06:27:07] [main/TRACE] [REI] [REIPlugin START] Reloading Section: "reloadable-plugin/FluidSupportProviderImpl/FabricFluidAPISupportPlugin/"
[06:27:07] [main/TRACE] [REI] [REIPlugin START] Reloading Section: "reloadable-plugin/FluidSupportProviderImpl/FabricFluidAPISupportPlugin/" done in 163.0 μs
[06:27:07] [main/TRACE] [REI] [REIPlugin START] Reloading Section: "reloadable-plugin/FluidSupportProviderImpl/DefaultRuntimePlugin of DefaultRuntimePlugin [roughlyenoughitems]/"
[06:27:07] [main/TRACE] [REI] [REIPlugin START] Reloading Section: "reloadable-plugin/FluidSupportProviderImpl/DefaultRuntimePlugin of DefaultRuntimePlugin [roughlyenoughitems]/" done in 32.37 μs
[06:27:07] [main/TRACE] [REI] [REIPlugin START] Reloading Section: "reloadable-plugin/FluidSupportProviderImpl/" done in 788.2 μs
[06:27:07] [main/DEBUG] [REI] ========================================
[06:27:07] [main/DEBUG] [REI] REIPlugin ending main-reload for START.
[06:27:07] [main/DEBUG] [REI] ========================================
[06:27:07] [main/TRACE] [REI] [REIPlugin START] Reloading Section: "end-reload/"
[06:27:07] [main/TRACE] [REI] [REIPlugin START] Reloading Section: "end-reload/EntryTypeRegistryImpl/"
[06:27:07] [main/TRACE] [REI] [REIPlugin START] Reloading Section: "end-reload/EntryTypeRegistryImpl/" done in 26.91 μs
[06:27:07] [main/TRACE] [REI] [REIPlugin START] Reloading Section: "end-reload/EntrySettingsAdapterRegistryImpl/"
[06:27:07] [main/TRACE] [REI] [REIPlugin START] Reloading Section: "end-reload/EntrySettingsAdapterRegistryImpl/" done in 52.50 μs
[06:27:07] [main/TRACE] [REI] [REIPlugin START] Reloading Section: "end-reload/RecipeManagerContextImpl/"
[06:27:07] [main/TRACE] [REI] [REIPlugin START] Reloading Section: "end-reload/RecipeManagerContextImpl/" done in 36.97 μs
[06:27:07] [main/TRACE] [REI] [REIPlugin START] Reloading Section: "end-reload/ItemComparatorRegistryImpl/"
[06:27:07] [main/TRACE] [REI] [REIPlugin START] Reloading Section: "end-reload/ItemComparatorRegistryImpl/" done in 34.70 μs
[06:27:07] [main/TRACE] [REI] [REIPlugin START] Reloading Section: "end-reload/FluidComparatorRegistryImpl/"
[06:27:07] [main/TRACE] [REI] [REIPlugin START] Reloading Section: "end-reload/FluidComparatorRegistryImpl/" done in 23.34 μs
[06:27:07] [main/TRACE] [REI] [REIPlugin START] Reloading Section: "end-reload/DisplaySerializerRegistryImpl/"
[06:27:07] [main/TRACE] [REI] [REIPlugin START] Reloading Section: "end-reload/DisplaySerializerRegistryImpl/" done in 36.13 μs
[06:27:07] [main/TRACE] [REI] [REIPlugin START] Reloading Section: "end-reload/FluidSupportProviderImpl/"
[06:27:07] [main/TRACE] [REI] [REIPlugin START] Reloading Section: "end-reload/FluidSupportProviderImpl/" done in 42.54 μs
[06:27:07] [main/TRACE] [REI] [REIPlugin START] Reloading Section: "end-reload/" done in 807.3 μs
[06:27:07] [main/DEBUG] [REI] ========================================
[06:27:07] [main/DEBUG] [REI] REIPlugin ended main-reload for START in 17.86 ms.
[06:27:07] [main/DEBUG] [REI] ========================================
[06:27:07] [main/INFO] [REI] OOOOOOOOOOOOOOOOOOOOOOOOOOOOOOOOOOOOOOOO
[06:27:07] [main/INFO] [REI] REIServerPlugin starting main-reload for START.
[06:27:07] [main/DEBUG] [REI] Reloadables (2):
[06:27:07] [main/DEBUG] [REI]  - MenuInfoRegistryImpl
[06:27:07] [main/DEBUG] [REI]  - SlotAccessorRegistryImpl
[06:27:07] [main/INFO] [REI] Plugins (3):
[06:27:07] [main/INFO] [REI]  - (-100.00) DefaultPlugin of DefaultPlugin [roughlyenoughitems]
[06:27:07] [main/INFO] [REI]  - (0.00) FabricFluidAPISupportPlugin
[06:27:07] [main/INFO] [REI]  - (0.00) DefaultRuntimePlugin of DefaultRuntimePlugin [roughlyenoughitems]
[06:27:07] [main/INFO] [REI] OOOOOOOOOOOOOOOOOOOOOOOOOOOOOOOOOOOOOOOO
[06:27:07] [main/TRACE] [REI] [REIServerPlugin START] Reloading Section: "start-reload/"
[06:27:07] [main/TRACE] [REI] [REIServerPlugin START] Reloading Section: "start-reload/MenuInfoRegistryImpl/"
[06:27:07] [main/TRACE] [REI] [REIServerPlugin START] Reloading Section: "start-reload/MenuInfoRegistryImpl/" done in 29.97 μs
[06:27:07] [main/TRACE] [REI] [REIServerPlugin START] Reloading Section: "start-reload/SlotAccessorRegistryImpl/"
[06:27:07] [main/TRACE] [REI] [REIServerPlugin START] Reloading Section: "start-reload/SlotAccessorRegistryImpl/" done in 30.25 μs
[06:27:07] [main/TRACE] [REI] [REIServerPlugin START] Reloading Section: "start-reload/" done in 226.1 μs
[06:27:07] [main/DEBUG] [REI] ========================================
[06:27:07] [main/DEBUG] [REI] REIServerPlugin started main-reload for START.
[06:27:07] [main/DEBUG] [REI] ========================================
[06:27:07] [main/TRACE] [REI] [REIServerPlugin START] Reloading Section: "reloadable-plugin/MenuInfoRegistryImpl/"
[06:27:07] [main/TRACE] [REI] [REIServerPlugin START] Reloading Section: "reloadable-plugin/MenuInfoRegistryImpl/DefaultPlugin of DefaultPlugin [roughlyenoughitems]/"
[06:27:07] [main/TRACE] [REI] [REIServerPlugin START] Reloading Section: "reloadable-plugin/MenuInfoRegistryImpl/DefaultPlugin of DefaultPlugin [roughlyenoughitems]/" done in 43.01 μs
[06:27:07] [main/TRACE] [REI] [REIServerPlugin START] Reloading Section: "reloadable-plugin/MenuInfoRegistryImpl/FabricFluidAPISupportPlugin/"
[06:27:07] [main/TRACE] [REI] [REIServerPlugin START] Reloading Section: "reloadable-plugin/MenuInfoRegistryImpl/FabricFluidAPISupportPlugin/" done in 36.93 μs
[06:27:07] [main/TRACE] [REI] [REIServerPlugin START] Reloading Section: "reloadable-plugin/MenuInfoRegistryImpl/DefaultRuntimePlugin of DefaultRuntimePlugin [roughlyenoughitems]/"
[06:27:07] [main/TRACE] [REI] [REIServerPlugin START] Reloading Section: "reloadable-plugin/MenuInfoRegistryImpl/DefaultRuntimePlugin of DefaultRuntimePlugin [roughlyenoughitems]/" done in 49.82 μs
[06:27:07] [main/TRACE] [REI] [REIServerPlugin START] Reloading Section: "reloadable-plugin/MenuInfoRegistryImpl/" done in 478.1 μs
[06:27:07] [main/TRACE] [REI] [REIServerPlugin START] Reloading Section: "reloadable-plugin/SlotAccessorRegistryImpl/"
[06:27:07] [main/TRACE] [REI] [REIServerPlugin START] Reloading Section: "reloadable-plugin/SlotAccessorRegistryImpl/DefaultPlugin of DefaultPlugin [roughlyenoughitems]/"
[06:27:07] [main/TRACE] [REI] [REIServerPlugin START] Reloading Section: "reloadable-plugin/SlotAccessorRegistryImpl/DefaultPlugin of DefaultPlugin [roughlyenoughitems]/" done in 46.20 μs
[06:27:07] [main/TRACE] [REI] [REIServerPlugin START] Reloading Section: "reloadable-plugin/SlotAccessorRegistryImpl/FabricFluidAPISupportPlugin/"
[06:27:07] [main/TRACE] [REI] [REIServerPlugin START] Reloading Section: "reloadable-plugin/SlotAccessorRegistryImpl/FabricFluidAPISupportPlugin/" done in 46.69 μs
[06:27:07] [main/TRACE] [REI] [REIServerPlugin START] Reloading Section: "reloadable-plugin/SlotAccessorRegistryImpl/DefaultRuntimePlugin of DefaultRuntimePlugin [roughlyenoughitems]/"
[06:27:07] [main/TRACE] [REI] [REIServerPlugin START] Reloading Section: "reloadable-plugin/SlotAccessorRegistryImpl/DefaultRuntimePlugin of DefaultRuntimePlugin [roughlyenoughitems]/" done in 48.67 μs
[06:27:07] [main/TRACE] [REI] [REIServerPlugin START] Reloading Section: "reloadable-plugin/SlotAccessorRegistryImpl/" done in 449.7 μs
[06:27:07] [main/DEBUG] [REI] ========================================
[06:27:07] [main/DEBUG] [REI] REIServerPlugin ending main-reload for START.
[06:27:07] [main/DEBUG] [REI] ========================================
[06:27:07] [main/TRACE] [REI] [REIServerPlugin START] Reloading Section: "end-reload/"
[06:27:07] [main/TRACE] [REI] [REIServerPlugin START] Reloading Section: "end-reload/MenuInfoRegistryImpl/"
[06:27:07] [main/TRACE] [REI] [REIServerPlugin START] Reloading Section: "end-reload/MenuInfoRegistryImpl/" done in 39.52 μs
[06:27:07] [main/TRACE] [REI] [REIServerPlugin START] Reloading Section: "end-reload/SlotAccessorRegistryImpl/"
[06:27:07] [main/TRACE] [REI] [REIServerPlugin START] Reloading Section: "end-reload/SlotAccessorRegistryImpl/" done in 21.08 μs
[06:27:07] [main/TRACE] [REI] [REIServerPlugin START] Reloading Section: "end-reload/" done in 197.1 μs
[06:27:07] [main/DEBUG] [REI] ========================================
[06:27:07] [main/DEBUG] [REI] REIServerPlugin ended main-reload for START in 3.158 ms.
[06:27:07] [main/DEBUG] [REI] ========================================
[06:27:07] [main/DEBUG] [REI] ========================================
[06:27:07] [main/DEBUG] [REI] REIPlugin starting post-reload for START.
[06:27:07] [main/DEBUG] [REI] Reloadables (7):
[06:27:07] [main/DEBUG] [REI]  - EntryTypeRegistryImpl
[06:27:07] [main/DEBUG] [REI]  - EntrySettingsAdapterRegistryImpl
[06:27:07] [main/DEBUG] [REI]  - RecipeManagerContextImpl
[06:27:07] [main/DEBUG] [REI]  - ItemComparatorRegistryImpl
[06:27:07] [main/DEBUG] [REI]  - FluidComparatorRegistryImpl
[06:27:07] [main/DEBUG] [REI]  - DisplaySerializerRegistryImpl
[06:27:07] [main/DEBUG] [REI]  - FluidSupportProviderImpl
[06:27:07] [main/DEBUG] [REI] Plugins (3):
[06:27:07] [main/DEBUG] [REI]  - (-100.00) DefaultPlugin of DefaultPlugin [roughlyenoughitems]
[06:27:07] [main/DEBUG] [REI]  - (0.00) FabricFluidAPISupportPlugin
[06:27:07] [main/DEBUG] [REI]  - (0.00) DefaultRuntimePlugin of DefaultRuntimePlugin [roughlyenoughitems]
[06:27:07] [main/DEBUG] [REI] ========================================
[06:27:07] [main/TRACE] [REI] [REIPlugin START] Reloading Section: "post-register/"
[06:27:07] [main/TRACE] [REI] [REIPlugin START] Reloading Section: "post-register/DefaultPlugin of DefaultPlugin [roughlyenoughitems]/"
[06:27:07] [main/TRACE] [REI] [REIPlugin START] Reloading Section: "post-register/DefaultPlugin of DefaultPlugin [roughlyenoughitems]/" done in 184.6 μs
[06:27:07] [main/TRACE] [REI] [REIPlugin START] Reloading Section: "post-register/FabricFluidAPISupportPlugin/"
[06:27:07] [main/TRACE] [REI] [REIPlugin START] Reloading Section: "post-register/FabricFluidAPISupportPlugin/" done in 29.74 μs
[06:27:07] [main/TRACE] [REI] [REIPlugin START] Reloading Section: "post-register/DefaultRuntimePlugin of DefaultRuntimePlugin [roughlyenoughitems]/"
[06:27:07] [main/TRACE] [REI] [REIPlugin START] Reloading Section: "post-register/DefaultRuntimePlugin of DefaultRuntimePlugin [roughlyenoughitems]/" done in 23.01 μs
[06:27:07] [main/TRACE] [REI] [REIPlugin START] Reloading Section: "post-register/" done in 670.9 μs
[06:27:07] [main/TRACE] [REI] [REIPlugin START] Reloading Section: "post-stage/"
[06:27:07] [main/TRACE] [REI] [REIPlugin START] Reloading Section: "post-stage/EntryTypeRegistryImpl/"
[06:27:07] [main/TRACE] [REI] [REIPlugin START] Reloading Section: "post-stage/EntryTypeRegistryImpl/" done in 47.80 μs
[06:27:07] [main/TRACE] [REI] [REIPlugin START] Reloading Section: "post-stage/EntrySettingsAdapterRegistryImpl/"
[06:27:07] [main/TRACE] [REI] [REIPlugin START] Reloading Section: "post-stage/EntrySettingsAdapterRegistryImpl/" done in 33.21 μs
[06:27:07] [main/TRACE] [REI] [REIPlugin START] Reloading Section: "post-stage/RecipeManagerContextImpl/"
[06:27:07] [main/TRACE] [REI] [REIPlugin START] Reloading Section: "post-stage/RecipeManagerContextImpl/" done in 39.16 μs
[06:27:07] [main/TRACE] [REI] [REIPlugin START] Reloading Section: "post-stage/ItemComparatorRegistryImpl/"
[06:27:07] [main/TRACE] [REI] [REIPlugin START] Reloading Section: "post-stage/ItemComparatorRegistryImpl/" done in 50.10 μs
[06:27:07] [main/TRACE] [REI] [REIPlugin START] Reloading Section: "post-stage/FluidComparatorRegistryImpl/"
[06:27:07] [main/TRACE] [REI] [REIPlugin START] Reloading Section: "post-stage/FluidComparatorRegistryImpl/" done in 34.49 μs
[06:27:07] [main/TRACE] [REI] [REIPlugin START] Reloading Section: "post-stage/DisplaySerializerRegistryImpl/"
[06:27:07] [main/TRACE] [REI] [REIPlugin START] Reloading Section: "post-stage/DisplaySerializerRegistryImpl/" done in 67.60 μs
[06:27:07] [main/TRACE] [REI] [REIPlugin START] Reloading Section: "post-stage/FluidSupportProviderImpl/"
[06:27:07] [main/TRACE] [REI] [REIPlugin START] Reloading Section: "post-stage/FluidSupportProviderImpl/" done in 39.48 μs
[06:27:07] [main/TRACE] [REI] [REIPlugin START] Reloading Section: "post-stage/" done in 962.0 μs
[06:27:07] [main/DEBUG] [REI] ========================================
[06:27:07] [main/INFO] [REI] REIPlugin finished post-reload for START in 1.722 ms, totaling 32.40 ms.
[06:27:07] [main/DEBUG] [REI] ========================================
[06:27:07] [main/DEBUG] [REI] ========================================
[06:27:07] [main/DEBUG] [REI] REIServerPlugin starting post-reload for START.
[06:27:07] [main/DEBUG] [REI] Reloadables (2):
[06:27:07] [main/DEBUG] [REI]  - MenuInfoRegistryImpl
[06:27:07] [main/DEBUG] [REI]  - SlotAccessorRegistryImpl
[06:27:07] [main/DEBUG] [REI] Plugins (3):
[06:27:07] [main/DEBUG] [REI]  - (-100.00) DefaultPlugin of DefaultPlugin [roughlyenoughitems]
[06:27:07] [main/DEBUG] [REI]  - (0.00) FabricFluidAPISupportPlugin
[06:27:07] [main/DEBUG] [REI]  - (0.00) DefaultRuntimePlugin of DefaultRuntimePlugin [roughlyenoughitems]
[06:27:07] [main/DEBUG] [REI] ========================================
[06:27:07] [main/TRACE] [REI] [REIServerPlugin START] Reloading Section: "post-register/"
[06:27:07] [main/TRACE] [REI] [REIServerPlugin START] Reloading Section: "post-register/DefaultPlugin of DefaultPlugin [roughlyenoughitems]/"
[06:27:07] [main/TRACE] [REI] [REIServerPlugin START] Reloading Section: "post-register/DefaultPlugin of DefaultPlugin [roughlyenoughitems]/" done in 28.46 μs
[06:27:07] [main/TRACE] [REI] [REIServerPlugin START] Reloading Section: "post-register/FabricFluidAPISupportPlugin/"
[06:27:07] [main/TRACE] [REI] [REIServerPlugin START] Reloading Section: "post-register/FabricFluidAPISupportPlugin/" done in 28.59 μs
[06:27:07] [main/TRACE] [REI] [REIServerPlugin START] Reloading Section: "post-register/DefaultRuntimePlugin of DefaultRuntimePlugin [roughlyenoughitems]/"
[06:27:07] [main/TRACE] [REI] [REIServerPlugin START] Reloading Section: "post-register/DefaultRuntimePlugin of DefaultRuntimePlugin [roughlyenoughitems]/" done in 31.91 μs
[06:27:07] [main/TRACE] [REI] [REIServerPlugin START] Reloading Section: "post-register/" done in 292.7 μs
[06:27:07] [main/TRACE] [REI] [REIServerPlugin START] Reloading Section: "post-stage/"
[06:27:07] [main/TRACE] [REI] [REIServerPlugin START] Reloading Section: "post-stage/MenuInfoRegistryImpl/"
[06:27:07] [main/TRACE] [REI] [REIServerPlugin START] Reloading Section: "post-stage/MenuInfoRegistryImpl/" done in 27.18 μs
[06:27:07] [main/TRACE] [REI] [REIServerPlugin START] Reloading Section: "post-stage/SlotAccessorRegistryImpl/"
[06:27:07] [main/TRACE] [REI] [REIServerPlugin START] Reloading Section: "post-stage/SlotAccessorRegistryImpl/" done in 27.41 μs
[06:27:07] [main/TRACE] [REI] [REIServerPlugin START] Reloading Section: "post-stage/" done in 212.9 μs
[06:27:07] [main/DEBUG] [REI] ========================================
[06:27:07] [main/INFO] [REI] REIServerPlugin finished post-reload for START in 611.8 μs, totaling 4.721 ms.
[06:27:07] [main/DEBUG] [REI] ========================================
[06:27:07] [main/DEBUG] [REI] ========================================
[06:27:07] [main/DEBUG] [REI] REIPlugin starting pre-reload for END.
[06:27:07] [main/DEBUG] [REI] Reloadables (7):
[06:27:07] [main/DEBUG] [REI]  - EntryTypeRegistryImpl
[06:27:07] [main/DEBUG] [REI]  - EntrySettingsAdapterRegistryImpl
[06:27:07] [main/DEBUG] [REI]  - RecipeManagerContextImpl
[06:27:07] [main/DEBUG] [REI]  - ItemComparatorRegistryImpl
[06:27:07] [main/DEBUG] [REI]  - FluidComparatorRegistryImpl
[06:27:07] [main/DEBUG] [REI]  - DisplaySerializerRegistryImpl
[06:27:07] [main/DEBUG] [REI]  - FluidSupportProviderImpl
[06:27:07] [main/DEBUG] [REI] Plugins (3):
[06:27:07] [main/DEBUG] [REI]  - (-100.00) DefaultPlugin of DefaultPlugin [roughlyenoughitems]
[06:27:07] [main/DEBUG] [REI]  - (0.00) FabricFluidAPISupportPlugin
[06:27:07] [main/DEBUG] [REI]  - (0.00) DefaultRuntimePlugin of DefaultRuntimePlugin [roughlyenoughitems]
[06:27:07] [main/DEBUG] [REI] ========================================
[06:27:07] [main/TRACE] [REI] [REIPlugin END] Reloading Section: "pre-register/"
[06:27:07] [main/TRACE] [REI] [REIPlugin END] Reloading Section: "pre-register/DefaultPlugin of DefaultPlugin [roughlyenoughitems]/"
[06:27:07] [main/TRACE] [REI] [REIPlugin END] Reloading Section: "pre-register/DefaultPlugin of DefaultPlugin [roughlyenoughitems]/" done in 26.63 μs
[06:27:07] [main/TRACE] [REI] [REIPlugin END] Reloading Section: "pre-register/FabricFluidAPISupportPlugin/"
[06:27:07] [main/TRACE] [REI] [REIPlugin END] Reloading Section: "pre-register/FabricFluidAPISupportPlugin/" done in 26.11 μs
[06:27:07] [main/TRACE] [REI] [REIPlugin END] Reloading Section: "pre-register/DefaultRuntimePlugin of DefaultRuntimePlugin [roughlyenoughitems]/"
[06:27:07] [main/TRACE] [REI] [REIPlugin END] Reloading Section: "pre-register/DefaultRuntimePlugin of DefaultRuntimePlugin [roughlyenoughitems]/" done in 63.38 μs
[06:27:07] [main/TRACE] [REI] [REIPlugin END] Reloading Section: "pre-register/" done in 347.4 μs
[06:27:07] [main/TRACE] [REI] [REIPlugin END] Reloading Section: "pre-stage/"
[06:27:07] [main/TRACE] [REI] [REIPlugin END] Reloading Section: "pre-stage/EntryTypeRegistryImpl/"
[06:27:07] [main/TRACE] [REI] [REIPlugin END] Reloading Section: "pre-stage/EntryTypeRegistryImpl/" done in 35.39 μs
[06:27:07] [main/TRACE] [REI] [REIPlugin END] Reloading Section: "pre-stage/EntrySettingsAdapterRegistryImpl/"
[06:27:07] [main/TRACE] [REI] [REIPlugin END] Reloading Section: "pre-stage/EntrySettingsAdapterRegistryImpl/" done in 31.98 μs
[06:27:07] [main/TRACE] [REI] [REIPlugin END] Reloading Section: "pre-stage/RecipeManagerContextImpl/"
[06:27:07] [main/TRACE] [REI] [REIPlugin END] Reloading Section: "pre-stage/RecipeManagerContextImpl/" done in 40.67 μs
[06:27:07] [main/TRACE] [REI] [REIPlugin END] Reloading Section: "pre-stage/ItemComparatorRegistryImpl/"
[06:27:07] [main/TRACE] [REI] [REIPlugin END] Reloading Section: "pre-stage/ItemComparatorRegistryImpl/" done in 34.50 μs
[06:27:07] [main/TRACE] [REI] [REIPlugin END] Reloading Section: "pre-stage/FluidComparatorRegistryImpl/"
[06:27:07] [main/TRACE] [REI] [REIPlugin END] Reloading Section: "pre-stage/FluidComparatorRegistryImpl/" done in 30.60 μs
[06:27:07] [main/TRACE] [REI] [REIPlugin END] Reloading Section: "pre-stage/DisplaySerializerRegistryImpl/"
[06:27:07] [main/TRACE] [REI] [REIPlugin END] Reloading Section: "pre-stage/DisplaySerializerRegistryImpl/" done in 25.94 μs
[06:27:07] [main/TRACE] [REI] [REIPlugin END] Reloading Section: "pre-stage/FluidSupportProviderImpl/"
[06:27:07] [main/TRACE] [REI] [REIPlugin END] Reloading Section: "pre-stage/FluidSupportProviderImpl/" done in 25.55 μs
[06:27:07] [main/TRACE] [REI] [REIPlugin END] Reloading Section: "pre-stage/" done in 834.8 μs
[06:27:07] [main/DEBUG] [REI] ========================================
[06:27:07] [main/DEBUG] [REI] REIPlugin finished pre-reload for END in 1.308 ms.
[06:27:07] [main/DEBUG] [REI] ========================================
[06:27:07] [main/DEBUG] [REI] ========================================
[06:27:07] [main/DEBUG] [REI] REIServerPlugin starting pre-reload for END.
[06:27:07] [main/DEBUG] [REI] Reloadables (2):
[06:27:07] [main/DEBUG] [REI]  - MenuInfoRegistryImpl
[06:27:07] [main/DEBUG] [REI]  - SlotAccessorRegistryImpl
[06:27:07] [main/DEBUG] [REI] Plugins (3):
[06:27:07] [main/DEBUG] [REI]  - (-100.00) DefaultPlugin of DefaultPlugin [roughlyenoughitems]
[06:27:07] [main/DEBUG] [REI]  - (0.00) FabricFluidAPISupportPlugin
[06:27:07] [main/DEBUG] [REI]  - (0.00) DefaultRuntimePlugin of DefaultRuntimePlugin [roughlyenoughitems]
[06:27:07] [main/DEBUG] [REI] ========================================
[06:27:07] [main/TRACE] [REI] [REIServerPlugin END] Reloading Section: "pre-register/"
[06:27:07] [main/TRACE] [REI] [REIServerPlugin END] Reloading Section: "pre-register/DefaultPlugin of DefaultPlugin [roughlyenoughitems]/"
[06:27:07] [main/TRACE] [REI] [REIServerPlugin END] Reloading Section: "pre-register/DefaultPlugin of DefaultPlugin [roughlyenoughitems]/" done in 24.81 μs
[06:27:07] [main/TRACE] [REI] [REIServerPlugin END] Reloading Section: "pre-register/FabricFluidAPISupportPlugin/"
[06:27:07] [main/TRACE] [REI] [REIServerPlugin END] Reloading Section: "pre-register/FabricFluidAPISupportPlugin/" done in 22.28 μs
[06:27:07] [main/TRACE] [REI] [REIServerPlugin END] Reloading Section: "pre-register/DefaultRuntimePlugin of DefaultRuntimePlugin [roughlyenoughitems]/"
[06:27:07] [main/TRACE] [REI] [REIServerPlugin END] Reloading Section: "pre-register/DefaultRuntimePlugin of DefaultRuntimePlugin [roughlyenoughitems]/" done in 21.75 μs
[06:27:07] [main/TRACE] [REI] [REIServerPlugin END] Reloading Section: "pre-register/" done in 253.3 μs
[06:27:07] [main/TRACE] [REI] [REIServerPlugin END] Reloading Section: "pre-stage/"
[06:27:07] [main/TRACE] [REI] [REIServerPlugin END] Reloading Section: "pre-stage/MenuInfoRegistryImpl/"
[06:27:07] [main/TRACE] [REI] [REIServerPlugin END] Reloading Section: "pre-stage/MenuInfoRegistryImpl/" done in 34.63 μs
[06:27:07] [main/TRACE] [REI] [REIServerPlugin END] Reloading Section: "pre-stage/SlotAccessorRegistryImpl/"
[06:27:07] [main/TRACE] [REI] [REIServerPlugin END] Reloading Section: "pre-stage/SlotAccessorRegistryImpl/" done in 51.97 μs
[06:27:07] [main/TRACE] [REI] [REIServerPlugin END] Reloading Section: "pre-stage/" done in 343.9 μs
[06:27:07] [main/DEBUG] [REI] ========================================
[06:27:07] [main/DEBUG] [REI] REIServerPlugin finished pre-reload for END in 719.6 μs.
[06:27:07] [main/DEBUG] [REI] ========================================
[06:27:07] [main/INFO] [REI] ~~~~~~~~~~~~~~~~~~~~~~~~~~~~~~~~~~~~~~~~
[06:27:07] [main/INFO] [REI] REIPlugin starting main-reload for END.
[06:27:07] [main/DEBUG] [REI] Reloadables (7):
[06:27:07] [main/DEBUG] [REI]  - EntryTypeRegistryImpl
[06:27:07] [main/DEBUG] [REI]  - EntrySettingsAdapterRegistryImpl
[06:27:07] [main/DEBUG] [REI]  - RecipeManagerContextImpl
[06:27:07] [main/DEBUG] [REI]  - ItemComparatorRegistryImpl
[06:27:07] [main/DEBUG] [REI]  - FluidComparatorRegistryImpl
[06:27:07] [main/DEBUG] [REI]  - DisplaySerializerRegistryImpl
[06:27:07] [main/DEBUG] [REI]  - FluidSupportProviderImpl
[06:27:07] [main/INFO] [REI] Plugins (3):
[06:27:07] [main/INFO] [REI]  - (-100.00) DefaultPlugin of DefaultPlugin [roughlyenoughitems]
[06:27:07] [main/INFO] [REI]  - (0.00) FabricFluidAPISupportPlugin
[06:27:07] [main/INFO] [REI]  - (0.00) DefaultRuntimePlugin of DefaultRuntimePlugin [roughlyenoughitems]
[06:27:07] [main/INFO] [REI] ~~~~~~~~~~~~~~~~~~~~~~~~~~~~~~~~~~~~~~~~
[06:27:07] [main/TRACE] [REI] [REIPlugin END] Reloading Section: "start-reload/"
[06:27:07] [main/TRACE] [REI] [REIPlugin END] Reloading Section: "start-reload/EntryTypeRegistryImpl/"
[06:27:07] [main/TRACE] [REI] [REIPlugin END] Reloading Section: "start-reload/EntryTypeRegistryImpl/" done in 30.19 μs
[06:27:07] [main/TRACE] [REI] [REIPlugin END] Reloading Section: "start-reload/EntrySettingsAdapterRegistryImpl/"
[06:27:07] [main/TRACE] [REI] [REIPlugin END] Reloading Section: "start-reload/EntrySettingsAdapterRegistryImpl/" done in 42.55 μs
[06:27:07] [main/TRACE] [REI] [REIPlugin END] Reloading Section: "start-reload/RecipeManagerContextImpl/"
[06:27:07] [main/TRACE] [REI] [REIPlugin END] Reloading Section: "start-reload/RecipeManagerContextImpl/" done in 32.52 μs
[06:27:07] [main/TRACE] [REI] [REIPlugin END] Reloading Section: "start-reload/ItemComparatorRegistryImpl/"
[06:27:07] [main/TRACE] [REI] [REIPlugin END] Reloading Section: "start-reload/ItemComparatorRegistryImpl/" done in 22.83 μs
[06:27:07] [main/TRACE] [REI] [REIPlugin END] Reloading Section: "start-reload/FluidComparatorRegistryImpl/"
[06:27:07] [main/TRACE] [REI] [REIPlugin END] Reloading Section: "start-reload/FluidComparatorRegistryImpl/" done in 22.55 μs
[06:27:07] [main/TRACE] [REI] [REIPlugin END] Reloading Section: "start-reload/DisplaySerializerRegistryImpl/"
[06:27:07] [main/TRACE] [REI] [REIPlugin END] Reloading Section: "start-reload/DisplaySerializerRegistryImpl/" done in 34.76 μs
[06:27:07] [main/TRACE] [REI] [REIPlugin END] Reloading Section: "start-reload/FluidSupportProviderImpl/"
[06:27:07] [main/TRACE] [REI] [REIPlugin END] Reloading Section: "start-reload/FluidSupportProviderImpl/" done in 26.33 μs
[06:27:07] [main/TRACE] [REI] [REIPlugin END] Reloading Section: "start-reload/" done in 708.5 μs
[06:27:07] [main/DEBUG] [REI] ========================================
[06:27:07] [main/DEBUG] [REI] REIPlugin started main-reload for END.
[06:27:07] [main/DEBUG] [REI] ========================================
[06:27:07] [main/TRACE] [REI] [REIPlugin END] Reloading Section: "reloadable-plugin/EntryTypeRegistryImpl/"
[06:27:07] [main/TRACE] [REI] [REIPlugin END] Reloading Section: "reloadable-plugin/EntryTypeRegistryImpl/DefaultPlugin of DefaultPlugin [roughlyenoughitems]/"
[06:27:07] [main/TRACE] [REI] [REIPlugin END] Reloading Section: "reloadable-plugin/EntryTypeRegistryImpl/DefaultPlugin of DefaultPlugin [roughlyenoughitems]/" done in 30.89 μs
[06:27:07] [main/TRACE] [REI] [REIPlugin END] Reloading Section: "reloadable-plugin/EntryTypeRegistryImpl/FabricFluidAPISupportPlugin/"
[06:27:07] [main/TRACE] [REI] [REIPlugin END] Reloading Section: "reloadable-plugin/EntryTypeRegistryImpl/FabricFluidAPISupportPlugin/" done in 43.35 μs
[06:27:07] [main/TRACE] [REI] [REIPlugin END] Reloading Section: "reloadable-plugin/EntryTypeRegistryImpl/DefaultRuntimePlugin of DefaultRuntimePlugin [roughlyenoughitems]/"
[06:27:07] [main/TRACE] [REI] [REIPlugin END] Reloading Section: "reloadable-plugin/EntryTypeRegistryImpl/DefaultRuntimePlugin of DefaultRuntimePlugin [roughlyenoughitems]/" done in 34.02 μs
[06:27:07] [main/TRACE] [REI] [REIPlugin END] Reloading Section: "reloadable-plugin/EntryTypeRegistryImpl/" done in 319.0 μs
[06:27:07] [main/TRACE] [REI] [REIPlugin END] Reloading Section: "reloadable-plugin/EntrySettingsAdapterRegistryImpl/"
[06:27:07] [main/TRACE] [REI] [REIPlugin END] Reloading Section: "reloadable-plugin/EntrySettingsAdapterRegistryImpl/DefaultPlugin of DefaultPlugin [roughlyenoughitems]/"
[06:27:07] [main/TRACE] [REI] [REIPlugin END] Reloading Section: "reloadable-plugin/EntrySettingsAdapterRegistryImpl/DefaultPlugin of DefaultPlugin [roughlyenoughitems]/" done in 50.46 μs
[06:27:07] [main/TRACE] [REI] [REIPlugin END] Reloading Section: "reloadable-plugin/EntrySettingsAdapterRegistryImpl/FabricFluidAPISupportPlugin/"
[06:27:07] [main/TRACE] [REI] [REIPlugin END] Reloading Section: "reloadable-plugin/EntrySettingsAdapterRegistryImpl/FabricFluidAPISupportPlugin/" done in 34.11 μs
[06:27:07] [main/TRACE] [REI] [REIPlugin END] Reloading Section: "reloadable-plugin/EntrySettingsAdapterRegistryImpl/DefaultRuntimePlugin of DefaultRuntimePlugin [roughlyenoughitems]/"
[06:27:07] [main/TRACE] [REI] [REIPlugin END] Reloading Section: "reloadable-plugin/EntrySettingsAdapterRegistryImpl/DefaultRuntimePlugin of DefaultRuntimePlugin [roughlyenoughitems]/" done in 31.54 μs
[06:27:07] [main/TRACE] [REI] [REIPlugin END] Reloading Section: "reloadable-plugin/EntrySettingsAdapterRegistryImpl/" done in 398.1 μs
[06:27:07] [main/TRACE] [REI] [REIPlugin END] Reloading Section: "reloadable-plugin/RecipeManagerContextImpl/"
[06:27:07] [main/TRACE] [REI] [REIPlugin END] Reloading Section: "reloadable-plugin/RecipeManagerContextImpl/DefaultPlugin of DefaultPlugin [roughlyenoughitems]/"
[06:27:07] [main/TRACE] [REI] [REIPlugin END] Reloading Section: "reloadable-plugin/RecipeManagerContextImpl/DefaultPlugin of DefaultPlugin [roughlyenoughitems]/" done in 26.88 μs
[06:27:07] [main/TRACE] [REI] [REIPlugin END] Reloading Section: "reloadable-plugin/RecipeManagerContextImpl/FabricFluidAPISupportPlugin/"
[06:27:07] [main/TRACE] [REI] [REIPlugin END] Reloading Section: "reloadable-plugin/RecipeManagerContextImpl/FabricFluidAPISupportPlugin/" done in 31.63 μs
[06:27:07] [main/TRACE] [REI] [REIPlugin END] Reloading Section: "reloadable-plugin/RecipeManagerContextImpl/DefaultRuntimePlugin of DefaultRuntimePlugin [roughlyenoughitems]/"
[06:27:07] [main/TRACE] [REI] [REIPlugin END] Reloading Section: "reloadable-plugin/RecipeManagerContextImpl/DefaultRuntimePlugin of DefaultRuntimePlugin [roughlyenoughitems]/" done in 23.59 μs
[06:27:07] [main/TRACE] [REI] [REIPlugin END] Reloading Section: "reloadable-plugin/RecipeManagerContextImpl/" done in 298.7 μs
[06:27:07] [main/TRACE] [REI] [REIPlugin END] Reloading Section: "reloadable-plugin/ItemComparatorRegistryImpl/"
[06:27:07] [main/TRACE] [REI] [REIPlugin END] Reloading Section: "reloadable-plugin/ItemComparatorRegistryImpl/DefaultPlugin of DefaultPlugin [roughlyenoughitems]/"
[06:27:07] [main/TRACE] [REI] [REIPlugin END] Reloading Section: "reloadable-plugin/ItemComparatorRegistryImpl/DefaultPlugin of DefaultPlugin [roughlyenoughitems]/" done in 22.54 μs
[06:27:07] [main/TRACE] [REI] [REIPlugin END] Reloading Section: "reloadable-plugin/ItemComparatorRegistryImpl/FabricFluidAPISupportPlugin/"
[06:27:07] [main/TRACE] [REI] [REIPlugin END] Reloading Section: "reloadable-plugin/ItemComparatorRegistryImpl/FabricFluidAPISupportPlugin/" done in 22.03 μs
[06:27:07] [main/TRACE] [REI] [REIPlugin END] Reloading Section: "reloadable-plugin/ItemComparatorRegistryImpl/DefaultRuntimePlugin of DefaultRuntimePlugin [roughlyenoughitems]/"
[06:27:07] [main/TRACE] [REI] [REIPlugin END] Reloading Section: "reloadable-plugin/ItemComparatorRegistryImpl/DefaultRuntimePlugin of DefaultRuntimePlugin [roughlyenoughitems]/" done in 21.92 μs
[06:27:07] [main/TRACE] [REI] [REIPlugin END] Reloading Section: "reloadable-plugin/ItemComparatorRegistryImpl/" done in 216.0 μs
[06:27:07] [main/TRACE] [REI] [REIPlugin END] Reloading Section: "reloadable-plugin/FluidComparatorRegistryImpl/"
[06:27:07] [main/TRACE] [REI] [REIPlugin END] Reloading Section: "reloadable-plugin/FluidComparatorRegistryImpl/DefaultPlugin of DefaultPlugin [roughlyenoughitems]/"
[06:27:07] [main/TRACE] [REI] [REIPlugin END] Reloading Section: "reloadable-plugin/FluidComparatorRegistryImpl/DefaultPlugin of DefaultPlugin [roughlyenoughitems]/" done in 29.91 μs
[06:27:07] [main/TRACE] [REI] [REIPlugin END] Reloading Section: "reloadable-plugin/FluidComparatorRegistryImpl/FabricFluidAPISupportPlugin/"
[06:27:07] [main/TRACE] [REI] [REIPlugin END] Reloading Section: "reloadable-plugin/FluidComparatorRegistryImpl/FabricFluidAPISupportPlugin/" done in 37.36 μs
[06:27:07] [main/TRACE] [REI] [REIPlugin END] Reloading Section: "reloadable-plugin/FluidComparatorRegistryImpl/DefaultRuntimePlugin of DefaultRuntimePlugin [roughlyenoughitems]/"
[06:27:07] [main/TRACE] [REI] [REIPlugin END] Reloading Section: "reloadable-plugin/FluidComparatorRegistryImpl/DefaultRuntimePlugin of DefaultRuntimePlugin [roughlyenoughitems]/" done in 27.50 μs
[06:27:07] [main/TRACE] [REI] [REIPlugin END] Reloading Section: "reloadable-plugin/FluidComparatorRegistryImpl/" done in 294.2 μs
[06:27:07] [main/TRACE] [REI] [REIPlugin END] Reloading Section: "reloadable-plugin/DisplaySerializerRegistryImpl/"
[06:27:07] [main/TRACE] [REI] [REIPlugin END] Reloading Section: "reloadable-plugin/DisplaySerializerRegistryImpl/DefaultPlugin of DefaultPlugin [roughlyenoughitems]/"
[06:27:07] [main/TRACE] [REI] [REIPlugin END] Reloading Section: "reloadable-plugin/DisplaySerializerRegistryImpl/DefaultPlugin of DefaultPlugin [roughlyenoughitems]/" done in 17.97 ms
[06:27:07] [main/TRACE] [REI] [REIPlugin END] Reloading Section: "reloadable-plugin/DisplaySerializerRegistryImpl/FabricFluidAPISupportPlugin/"
[06:27:07] [main/TRACE] [REI] [REIPlugin END] Reloading Section: "reloadable-plugin/DisplaySerializerRegistryImpl/FabricFluidAPISupportPlugin/" done in 39.60 μs
[06:27:07] [main/TRACE] [REI] [REIPlugin END] Reloading Section: "reloadable-plugin/DisplaySerializerRegistryImpl/DefaultRuntimePlugin of DefaultRuntimePlugin [roughlyenoughitems]/"
[06:27:07] [main/TRACE] [REI] [REIPlugin END] Reloading Section: "reloadable-plugin/DisplaySerializerRegistryImpl/DefaultRuntimePlugin of DefaultRuntimePlugin [roughlyenoughitems]/" done in 25.95 μs
[06:27:07] [main/TRACE] [REI] [REIPlugin END] Reloading Section: "reloadable-plugin/DisplaySerializerRegistryImpl/" done in 18.34 ms
[06:27:07] [main/TRACE] [REI] [REIPlugin END] Reloading Section: "reloadable-plugin/FluidSupportProviderImpl/"
[06:27:07] [main/TRACE] [REI] [REIPlugin END] Reloading Section: "reloadable-plugin/FluidSupportProviderImpl/DefaultPlugin of DefaultPlugin [roughlyenoughitems]/"
[06:27:07] [main/TRACE] [REI] [REIPlugin END] Reloading Section: "reloadable-plugin/FluidSupportProviderImpl/DefaultPlugin of DefaultPlugin [roughlyenoughitems]/" done in 25.04 μs
[06:27:07] [main/TRACE] [REI] [REIPlugin END] Reloading Section: "reloadable-plugin/FluidSupportProviderImpl/FabricFluidAPISupportPlugin/"
[06:27:07] [main/TRACE] [REI] [REIPlugin END] Reloading Section: "reloadable-plugin/FluidSupportProviderImpl/FabricFluidAPISupportPlugin/" done in 22.25 μs
[06:27:07] [main/TRACE] [REI] [REIPlugin END] Reloading Section: "reloadable-plugin/FluidSupportProviderImpl/DefaultRuntimePlugin of DefaultRuntimePlugin [roughlyenoughitems]/"
[06:27:07] [main/TRACE] [REI] [REIPlugin END] Reloading Section: "reloadable-plugin/FluidSupportProviderImpl/DefaultRuntimePlugin of DefaultRuntimePlugin [roughlyenoughitems]/" done in 22.54 μs
[06:27:07] [main/TRACE] [REI] [REIPlugin END] Reloading Section: "reloadable-plugin/FluidSupportProviderImpl/" done in 233.5 μs
[06:27:07] [main/DEBUG] [REI] ========================================
[06:27:07] [main/DEBUG] [REI] REIPlugin ending main-reload for END.
[06:27:07] [main/DEBUG] [REI] ========================================
[06:27:07] [main/TRACE] [REI] [REIPlugin END] Reloading Section: "end-reload/"
[06:27:07] [main/TRACE] [REI] [REIPlugin END] Reloading Section: "end-reload/EntryTypeRegistryImpl/"
[06:27:07] [main/TRACE] [REI] [REIPlugin END] Reloading Section: "end-reload/EntryTypeRegistryImpl/" done in 16.39 μs
[06:27:07] [main/TRACE] [REI] [REIPlugin END] Reloading Section: "end-reload/EntrySettingsAdapterRegistryImpl/"
[06:27:07] [main/TRACE] [REI] [REIPlugin END] Reloading Section: "end-reload/EntrySettingsAdapterRegistryImpl/" done in 28.32 μs
[06:27:07] [main/TRACE] [REI] [REIPlugin END] Reloading Section: "end-reload/RecipeManagerContextImpl/"
[06:27:07] [main/TRACE] [REI] [REIPlugin END] Reloading Section: "end-reload/RecipeManagerContextImpl/" done in 17.32 μs
[06:27:07] [main/TRACE] [REI] [REIPlugin END] Reloading Section: "end-reload/ItemComparatorRegistryImpl/"
[06:27:07] [main/TRACE] [REI] [REIPlugin END] Reloading Section: "end-reload/ItemComparatorRegistryImpl/" done in 17.05 μs
[06:27:07] [main/TRACE] [REI] [REIPlugin END] Reloading Section: "end-reload/FluidComparatorRegistryImpl/"
[06:27:07] [main/TRACE] [REI] [REIPlugin END] Reloading Section: "end-reload/FluidComparatorRegistryImpl/" done in 16.18 μs
[06:27:07] [main/TRACE] [REI] [REIPlugin END] Reloading Section: "end-reload/DisplaySerializerRegistryImpl/"
[06:27:07] [main/TRACE] [REI] [REIPlugin END] Reloading Section: "end-reload/DisplaySerializerRegistryImpl/" done in 24.25 μs
[06:27:07] [main/TRACE] [REI] [REIPlugin END] Reloading Section: "end-reload/FluidSupportProviderImpl/"
[06:27:07] [main/TRACE] [REI] [REIPlugin END] Reloading Section: "end-reload/FluidSupportProviderImpl/" done in 17.95 μs
[06:27:07] [main/TRACE] [REI] [REIPlugin END] Reloading Section: "end-reload/" done in 490.3 μs
[06:27:07] [main/DEBUG] [REI] ========================================
[06:27:07] [main/DEBUG] [REI] REIPlugin ended main-reload for END in 24.18 ms.
[06:27:07] [main/DEBUG] [REI] ========================================
[06:27:07] [main/INFO] [REI] ~~~~~~~~~~~~~~~~~~~~~~~~~~~~~~~~~~~~~~~~
[06:27:07] [main/INFO] [REI] REIServerPlugin starting main-reload for END.
[06:27:07] [main/DEBUG] [REI] Reloadables (2):
[06:27:07] [main/DEBUG] [REI]  - MenuInfoRegistryImpl
[06:27:07] [main/DEBUG] [REI]  - SlotAccessorRegistryImpl
[06:27:07] [main/INFO] [REI] Plugins (3):
[06:27:07] [main/INFO] [REI]  - (-100.00) DefaultPlugin of DefaultPlugin [roughlyenoughitems]
[06:27:07] [main/INFO] [REI]  - (0.00) FabricFluidAPISupportPlugin
[06:27:07] [main/INFO] [REI]  - (0.00) DefaultRuntimePlugin of DefaultRuntimePlugin [roughlyenoughitems]
[06:27:07] [main/INFO] [REI] ~~~~~~~~~~~~~~~~~~~~~~~~~~~~~~~~~~~~~~~~
[06:27:07] [main/TRACE] [REI] [REIServerPlugin END] Reloading Section: "start-reload/"
[06:27:07] [main/TRACE] [REI] [REIServerPlugin END] Reloading Section: "start-reload/MenuInfoRegistryImpl/"
[06:27:07] [main/TRACE] [REI] [REIServerPlugin END] Reloading Section: "start-reload/MenuInfoRegistryImpl/" done in 33.55 μs
[06:27:07] [main/TRACE] [REI] [REIServerPlugin END] Reloading Section: "start-reload/SlotAccessorRegistryImpl/"
[06:27:07] [main/TRACE] [REI] [REIServerPlugin END] Reloading Section: "start-reload/SlotAccessorRegistryImpl/" done in 30.06 μs
[06:27:07] [main/TRACE] [REI] [REIServerPlugin END] Reloading Section: "start-reload/" done in 207.1 μs
[06:27:07] [main/DEBUG] [REI] ========================================
[06:27:07] [main/DEBUG] [REI] REIServerPlugin started main-reload for END.
[06:27:07] [main/DEBUG] [REI] ========================================
[06:27:07] [main/TRACE] [REI] [REIServerPlugin END] Reloading Section: "reloadable-plugin/MenuInfoRegistryImpl/"
[06:27:07] [main/TRACE] [REI] [REIServerPlugin END] Reloading Section: "reloadable-plugin/MenuInfoRegistryImpl/DefaultPlugin of DefaultPlugin [roughlyenoughitems]/"
[06:27:07] [main/TRACE] [REI] [REIServerPlugin END] Reloading Section: "reloadable-plugin/MenuInfoRegistryImpl/DefaultPlugin of DefaultPlugin [roughlyenoughitems]/" done in 36.25 μs
[06:27:07] [main/TRACE] [REI] [REIServerPlugin END] Reloading Section: "reloadable-plugin/MenuInfoRegistryImpl/FabricFluidAPISupportPlugin/"
[06:27:07] [main/TRACE] [REI] [REIServerPlugin END] Reloading Section: "reloadable-plugin/MenuInfoRegistryImpl/FabricFluidAPISupportPlugin/" done in 22.11 μs
[06:27:07] [main/TRACE] [REI] [REIServerPlugin END] Reloading Section: "reloadable-plugin/MenuInfoRegistryImpl/DefaultRuntimePlugin of DefaultRuntimePlugin [roughlyenoughitems]/"
[06:27:07] [main/TRACE] [REI] [REIServerPlugin END] Reloading Section: "reloadable-plugin/MenuInfoRegistryImpl/DefaultRuntimePlugin of DefaultRuntimePlugin [roughlyenoughitems]/" done in 37.78 μs
[06:27:07] [main/TRACE] [REI] [REIServerPlugin END] Reloading Section: "reloadable-plugin/MenuInfoRegistryImpl/" done in 336.2 μs
[06:27:07] [main/TRACE] [REI] [REIServerPlugin END] Reloading Section: "reloadable-plugin/SlotAccessorRegistryImpl/"
[06:27:07] [main/TRACE] [REI] [REIServerPlugin END] Reloading Section: "reloadable-plugin/SlotAccessorRegistryImpl/DefaultPlugin of DefaultPlugin [roughlyenoughitems]/"
[06:27:07] [main/TRACE] [REI] [REIServerPlugin END] Reloading Section: "reloadable-plugin/SlotAccessorRegistryImpl/DefaultPlugin of DefaultPlugin [roughlyenoughitems]/" done in 38.28 μs
[06:27:07] [main/TRACE] [REI] [REIServerPlugin END] Reloading Section: "reloadable-plugin/SlotAccessorRegistryImpl/FabricFluidAPISupportPlugin/"
[06:27:07] [main/TRACE] [REI] [REIServerPlugin END] Reloading Section: "reloadable-plugin/SlotAccessorRegistryImpl/FabricFluidAPISupportPlugin/" done in 34.53 μs
[06:27:07] [main/TRACE] [REI] [REIServerPlugin END] Reloading Section: "reloadable-plugin/SlotAccessorRegistryImpl/DefaultRuntimePlugin of DefaultRuntimePlugin [roughlyenoughitems]/"
[06:27:07] [main/DEBUG] [REI] Added slot accessor serializer: me.shedaniel.rei.plugin.common.runtime.DefaultRuntimePlugin$1@f69b87b [roughlyenoughitems:vanilla]
[06:27:07] [main/DEBUG] [REI] Added slot accessor serializer: me.shedaniel.rei.plugin.common.runtime.DefaultRuntimePlugin$2@60355258 [roughlyenoughitems:player]
[06:27:07] [main/TRACE] [REI] [REIServerPlugin END] Reloading Section: "reloadable-plugin/SlotAccessorRegistryImpl/DefaultRuntimePlugin of DefaultRuntimePlugin [roughlyenoughitems]/" done in 1.599 ms
[06:27:07] [main/TRACE] [REI] [REIServerPlugin END] Reloading Section: "reloadable-plugin/SlotAccessorRegistryImpl/" done in 1.908 ms
[06:27:07] [main/DEBUG] [REI] ========================================
[06:27:07] [main/DEBUG] [REI] REIServerPlugin ending main-reload for END.
[06:27:07] [main/DEBUG] [REI] ========================================
[06:27:07] [main/TRACE] [REI] [REIServerPlugin END] Reloading Section: "end-reload/"
[06:27:07] [main/TRACE] [REI] [REIServerPlugin END] Reloading Section: "end-reload/MenuInfoRegistryImpl/"
[06:27:07] [main/DEBUG] [REI] Registered 0 menu infos
[06:27:07] [main/TRACE] [REI] [REIServerPlugin END] Reloading Section: "end-reload/MenuInfoRegistryImpl/" done in 59.95 μs
[06:27:07] [main/TRACE] [REI] [REIServerPlugin END] Reloading Section: "end-reload/SlotAccessorRegistryImpl/"
[06:27:07] [main/DEBUG] [REI] Registered 2 slot accessor serializers
[06:27:07] [main/TRACE] [REI] [REIServerPlugin END] Reloading Section: "end-reload/SlotAccessorRegistryImpl/" done in 39.38 μs
[06:27:07] [main/TRACE] [REI] [REIServerPlugin END] Reloading Section: "end-reload/" done in 195.7 μs
[06:27:07] [main/DEBUG] [REI] ========================================
[06:27:07] [main/DEBUG] [REI] REIServerPlugin ended main-reload for END in 4.058 ms.
[06:27:07] [main/DEBUG] [REI] ========================================
[06:27:07] [main/DEBUG] [REI] ========================================
[06:27:07] [main/DEBUG] [REI] REIPlugin starting post-reload for END.
[06:27:07] [main/DEBUG] [REI] Reloadables (7):
[06:27:07] [main/DEBUG] [REI]  - EntryTypeRegistryImpl
[06:27:07] [main/DEBUG] [REI]  - EntrySettingsAdapterRegistryImpl
[06:27:07] [main/DEBUG] [REI]  - RecipeManagerContextImpl
[06:27:07] [main/DEBUG] [REI]  - ItemComparatorRegistryImpl
[06:27:07] [main/DEBUG] [REI]  - FluidComparatorRegistryImpl
[06:27:07] [main/DEBUG] [REI]  - DisplaySerializerRegistryImpl
[06:27:07] [main/DEBUG] [REI]  - FluidSupportProviderImpl
[06:27:07] [main/DEBUG] [REI] Plugins (3):
[06:27:07] [main/DEBUG] [REI]  - (-100.00) DefaultPlugin of DefaultPlugin [roughlyenoughitems]
[06:27:07] [main/DEBUG] [REI]  - (0.00) FabricFluidAPISupportPlugin
[06:27:07] [main/DEBUG] [REI]  - (0.00) DefaultRuntimePlugin of DefaultRuntimePlugin [roughlyenoughitems]
[06:27:07] [main/DEBUG] [REI] ========================================
[06:27:07] [main/TRACE] [REI] [REIPlugin END] Reloading Section: "post-register/"
[06:27:07] [main/TRACE] [REI] [REIPlugin END] Reloading Section: "post-register/DefaultPlugin of DefaultPlugin [roughlyenoughitems]/"
[06:27:07] [main/TRACE] [REI] [REIPlugin END] Reloading Section: "post-register/DefaultPlugin of DefaultPlugin [roughlyenoughitems]/" done in 20.30 μs
[06:27:07] [main/TRACE] [REI] [REIPlugin END] Reloading Section: "post-register/FabricFluidAPISupportPlugin/"
[06:27:07] [main/TRACE] [REI] [REIPlugin END] Reloading Section: "post-register/FabricFluidAPISupportPlugin/" done in 21.25 μs
[06:27:07] [main/TRACE] [REI] [REIPlugin END] Reloading Section: "post-register/DefaultRuntimePlugin of DefaultRuntimePlugin [roughlyenoughitems]/"
[06:27:07] [main/TRACE] [REI] [REIPlugin END] Reloading Section: "post-register/DefaultRuntimePlugin of DefaultRuntimePlugin [roughlyenoughitems]/" done in 18.79 μs
[06:27:07] [main/TRACE] [REI] [REIPlugin END] Reloading Section: "post-register/" done in 232.1 μs
[06:27:07] [main/TRACE] [REI] [REIPlugin END] Reloading Section: "post-stage/"
[06:27:07] [main/TRACE] [REI] [REIPlugin END] Reloading Section: "post-stage/EntryTypeRegistryImpl/"
[06:27:07] [main/TRACE] [REI] [REIPlugin END] Reloading Section: "post-stage/EntryTypeRegistryImpl/" done in 25.05 μs
[06:27:07] [main/TRACE] [REI] [REIPlugin END] Reloading Section: "post-stage/EntrySettingsAdapterRegistryImpl/"
[06:27:07] [main/TRACE] [REI] [REIPlugin END] Reloading Section: "post-stage/EntrySettingsAdapterRegistryImpl/" done in 21.47 μs
[06:27:07] [main/TRACE] [REI] [REIPlugin END] Reloading Section: "post-stage/RecipeManagerContextImpl/"
[06:27:07] [main/TRACE] [REI] [REIPlugin END] Reloading Section: "post-stage/RecipeManagerContextImpl/" done in 21.08 μs
[06:27:07] [main/TRACE] [REI] [REIPlugin END] Reloading Section: "post-stage/ItemComparatorRegistryImpl/"
[06:27:07] [main/TRACE] [REI] [REIPlugin END] Reloading Section: "post-stage/ItemComparatorRegistryImpl/" done in 29.39 μs
[06:27:07] [main/TRACE] [REI] [REIPlugin END] Reloading Section: "post-stage/FluidComparatorRegistryImpl/"
[06:27:07] [main/TRACE] [REI] [REIPlugin END] Reloading Section: "post-stage/FluidComparatorRegistryImpl/" done in 19.34 μs
[06:27:07] [main/TRACE] [REI] [REIPlugin END] Reloading Section: "post-stage/DisplaySerializerRegistryImpl/"
[06:27:07] [main/TRACE] [REI] [REIPlugin END] Reloading Section: "post-stage/DisplaySerializerRegistryImpl/" done in 15.62 μs
[06:27:07] [main/TRACE] [REI] [REIPlugin END] Reloading Section: "post-stage/FluidSupportProviderImpl/"
[06:27:07] [main/TRACE] [REI] [REIPlugin END] Reloading Section: "post-stage/FluidSupportProviderImpl/" done in 22.81 μs
[06:27:07] [main/TRACE] [REI] [REIPlugin END] Reloading Section: "post-stage/" done in 487.4 μs
[06:27:07] [main/DEBUG] [REI] ========================================
[06:27:07] [main/INFO] [REI] REIPlugin finished post-reload for END in 795.2 μs, totaling 26.28 ms.
[06:27:07] [main/DEBUG] [REI] ========================================
[06:27:07] [main/DEBUG] [REI] ========================================
[06:27:07] [main/DEBUG] [REI] REIServerPlugin starting post-reload for END.
[06:27:07] [main/DEBUG] [REI] Reloadables (2):
[06:27:07] [main/DEBUG] [REI]  - MenuInfoRegistryImpl
[06:27:07] [main/DEBUG] [REI]  - SlotAccessorRegistryImpl
[06:27:07] [main/DEBUG] [REI] Plugins (3):
[06:27:07] [main/DEBUG] [REI]  - (-100.00) DefaultPlugin of DefaultPlugin [roughlyenoughitems]
[06:27:07] [main/DEBUG] [REI]  - (0.00) FabricFluidAPISupportPlugin
[06:27:07] [main/DEBUG] [REI]  - (0.00) DefaultRuntimePlugin of DefaultRuntimePlugin [roughlyenoughitems]
[06:27:07] [main/DEBUG] [REI] ========================================
[06:27:07] [main/TRACE] [REI] [REIServerPlugin END] Reloading Section: "post-register/"
[06:27:07] [main/TRACE] [REI] [REIServerPlugin END] Reloading Section: "post-register/DefaultPlugin of DefaultPlugin [roughlyenoughitems]/"
[06:27:07] [main/TRACE] [REI] [REIServerPlugin END] Reloading Section: "post-register/DefaultPlugin of DefaultPlugin [roughlyenoughitems]/" done in 29.20 μs
[06:27:07] [main/TRACE] [REI] [REIServerPlugin END] Reloading Section: "post-register/FabricFluidAPISupportPlugin/"
[06:27:07] [main/TRACE] [REI] [REIServerPlugin END] Reloading Section: "post-register/FabricFluidAPISupportPlugin/" done in 26.12 μs
[06:27:07] [main/TRACE] [REI] [REIServerPlugin END] Reloading Section: "post-register/DefaultRuntimePlugin of DefaultRuntimePlugin [roughlyenoughitems]/"
[06:27:07] [main/TRACE] [REI] [REIServerPlugin END] Reloading Section: "post-register/DefaultRuntimePlugin of DefaultRuntimePlugin [roughlyenoughitems]/" done in 25.06 μs
[06:27:07] [main/TRACE] [REI] [REIServerPlugin END] Reloading Section: "post-register/" done in 248.6 μs
[06:27:07] [main/TRACE] [REI] [REIServerPlugin END] Reloading Section: "post-stage/"
[06:27:07] [main/TRACE] [REI] [REIServerPlugin END] Reloading Section: "post-stage/MenuInfoRegistryImpl/"
[06:27:07] [main/TRACE] [REI] [REIServerPlugin END] Reloading Section: "post-stage/MenuInfoRegistryImpl/" done in 16.23 μs
[06:27:07] [main/TRACE] [REI] [REIServerPlugin END] Reloading Section: "post-stage/SlotAccessorRegistryImpl/"
[06:27:07] [main/TRACE] [REI] [REIServerPlugin END] Reloading Section: "post-stage/SlotAccessorRegistryImpl/" done in 15.28 μs
[06:27:07] [main/TRACE] [REI] [REIServerPlugin END] Reloading Section: "post-stage/" done in 124.0 μs
[06:27:07] [main/DEBUG] [REI] ========================================
[06:27:07] [main/INFO] [REI] REIServerPlugin finished post-reload for END in 459.4 μs, totaling 5.227 ms.
[06:27:07] [main/DEBUG] [REI] ========================================
